cleaned 262 files from stream_input
removed old log file
created new log:  feed_log.csv
Loaded 120 products
Using CUDA
[Watcher] Watching folder: stream_input
feed_4  starting stream with  14  frames
feed_4 | video13.png : feed_4_2025-12-02T21-09-22.png
feed_4 | video6.png : feed_4_2025-12-02T21-09-23.png
feed_4 | video4.png : feed_4_2025-12-02T21-09-24.png
feed_4 | video7.png : feed_4_2025-12-02T21-09-24.png
feed_4 | video10.png : feed_4_2025-12-02T21-09-25.png
feed_4 | video8.png : feed_4_2025-12-02T21-09-26.png
feed_4 | video12.png : feed_4_2025-12-02T21-09-26.png
feed_4 | video11.png : feed_4_2025-12-02T21-09-27.png
feed_4 | video5.png : feed_4_2025-12-02T21-09-29.png
feed_4 | video2.png : feed_4_2025-12-02T21-09-29.png
feed_4 | video3.png : feed_4_2025-12-02T21-09-30.png
feed_4 | video1.png : feed_4_2025-12-02T21-09-31.png
feed_4 | video9.png : feed_4_2025-12-02T21-09-32.png
feed_4 | video14.png : feed_4_2025-12-02T21-09-33.png
feed_4  finished sending 14 frames
[Infer] Class 012 | Snickers | Confidence: 1.000
[Infer] Class 056 | Propel Fitness Water | Confidence: 1.000
[Infer] Class 027 | Morton Salt, Iodized | Confidence: 1.000
[Infer] Class 095 | GM HNY NUT CHEERIOS CEREAL CUP | Confidence: 1.000
[Infer] Class 063 | NYQUIL LQCAPS PSE FREE 12 CT | Confidence: 0.998
[Infer] Class 063 | NYQUIL LQCAPS PSE FREE 12 CT | Confidence: 1.000
[Infer] Class 107 | Mini Chips Ahoy! | Confidence: 1.000
[Infer] Class 118 | Ben & Jerry's Ice Cream World's Best Vanilla | Confidence: 1.000
[Infer] Class 027 | Morton Salt, Iodized | Confidence: 1.000
[Infer] Class 078 | BEEF JERKY | Confidence: 1.000
[Infer] Class 041 | FORMULA 409 | Confidence: 1.000
[Infer] Class 041 | FORMULA 409 | Confidence: 1.000
[Infer] Class 107 | Mini Chips Ahoy! | Confidence: 1.000
[Infer] Class 118 | Ben & Jerry's Ice Cream World's Best Vanilla | Confidence: 1.000
[Infer] Class 078 | BEEF JERKY | Confidence: 1.000
[Infer] Class 003 | Gardetto's Original Recipe | Confidence: 1.000
[Infer] Class 012 | Snickers | Confidence: 0.992
[Infer] Class 095 | GM HNY NUT CHEERIOS CEREAL CUP | Confidence: 1.000
[Infer] Class 056 | Propel Fitness Water | Confidence: 1.000
[Infer] Class 095 | GM HNY NUT CHEERIOS CEREAL CUP | Confidence: 1.000
[Infer] Class 012 | Snickers | Confidence: 1.000
[Infer] Class 027 | Morton Salt, Iodized | Confidence: 1.000
[Infer] Class 078 | BEEF JERKY | Confidence: 1.000
[Infer] Class 041 | FORMULA 409 | Confidence: 1.000
[Infer] Class 056 | Propel Fitness Water | Confidence: 1.000
[Infer] Class 003 | Gardetto's Original Recipe | Confidence: 1.000
[Infer] Class 027 | Morton Salt, Iodized | Confidence: 1.000
[Infer] Class 041 | FORMULA 409 | Confidence: 1.000
[Infer] Class 063 | NYQUIL LQCAPS PSE FREE 12 CT | Confidence: 1.000
[Infer] Class 118 | Ben & Jerry's Ice Cream World's Best Vanilla | Confidence: 1.000
[Infer] Class 095 | GM HNY NUT CHEERIOS CEREAL CUP | Confidence: 1.000
[Infer] Class 118 | Ben & Jerry's Ice Cream World's Best Vanilla | Confidence: 1.000
[Infer] Class 003 | Gardetto's Original Recipe | Confidence: 1.000
[Infer] Class 012 | Snickers | Confidence: 1.000
[Infer] Class 078 | BEEF JERKY | Confidence: 0.997
[Infer] Class 107 | Mini Chips Ahoy! | Confidence: 1.000
[Infer] Class 003 | Gardetto's Original Recipe | Confidence: 1.000
[Infer] Class 063 | NYQUIL LQCAPS PSE FREE 12 CT | Confidence: 0.995
[Infer] Class 118 | Ben & Jerry's Ice Cream World's Best Vanilla | Confidence: 1.000
[Infer] Class 095 | GM HNY NUT CHEERIOS CEREAL CUP | Confidence: 1.000
[Infer] Class 003 | Gardetto's Original Recipe | Confidence: 1.000
[Infer] Class 027 | Morton Salt, Iodized | Confidence: 1.000
[Infer] Class 063 | NYQUIL LQCAPS PSE FREE 12 CT | Confidence: 1.000
[Infer] Class 078 | BEEF JERKY | Confidence: 1.000
[Infer] Class 063 | NYQUIL LQCAPS PSE FREE 12 CT | Confidence: 1.000
[Infer] Class 027 | Morton Salt, Iodized | Confidence: 1.000
[Infer] Class 041 | FORMULA 409 | Confidence: 1.000
[Infer] Class 056 | Propel Fitness Water | Confidence: 1.000
[Infer] Class 078 | BEEF JERKY | Confidence: 1.000
[Infer] Class 012 | Snickers | Confidence: 1.000
[Infer] Class 107 | Mini Chips Ahoy! | Confidence: 1.000
[Infer] Class 056 | Propel Fitness Water | Confidence: 1.000
[Infer] Class 118 | Ben & Jerry's Ice Cream World's Best Vanilla | Confidence: 0.999
[Infer] Class 118 | Ben & Jerry's Ice Cream World's Best Vanilla | Confidence: 1.000
[Infer] Class 003 | Gardetto's Original Recipe | Confidence: 0.999
[Infer] Class 107 | Mini Chips Ahoy! | Confidence: 1.000
[Infer] Class 107 | Mini Chips Ahoy! | Confidence: 1.000
[Infer] Class 041 | FORMULA 409 | Confidence: 1.000
[Infer] Class 095 | GM HNY NUT CHEERIOS CEREAL CUP | Confidence: 1.000
[Infer] Class 027 | Morton Salt, Iodized | Confidence: 0.999
[Infer] Class 012 | Snickers | Confidence: 1.000
[Infer] Class 118 | Ben & Jerry's Ice Cream World's Best Vanilla | Confidence: 0.999
[Infer] Class 063 | NYQUIL LQCAPS PSE FREE 12 CT | Confidence: 1.000
[Infer] Class 063 | NYQUIL LQCAPS PSE FREE 12 CT | Confidence: 1.000
[Infer] Class 056 | Propel Fitness Water | Confidence: 1.000
[Infer] Class 078 | BEEF JERKY | Confidence: 1.000
[Infer] Class 003 | Gardetto's Original Recipe | Confidence: 1.000
[Infer] Class 012 | Snickers | Confidence: 1.000
[Infer] Class 056 | Propel Fitness Water | Confidence: 1.000
[Infer] Class 107 | Mini Chips Ahoy! | Confidence: 1.000
[Infer] Class 041 | FORMULA 409 | Confidence: 1.000
[Infer] Class 027 | Morton Salt, Iodized | Confidence: 1.000
[Infer] Class 107 | Mini Chips Ahoy! | Confidence: 1.000
[Infer] Class 012 | Snickers | Confidence: 0.998
[Infer] Class 056 | Propel Fitness Water | Confidence: 1.000
[Infer] Class 095 | GM HNY NUT CHEERIOS CEREAL CUP | Confidence: 0.999
[Infer] Class 063 | NYQUIL LQCAPS PSE FREE 12 CT | Confidence: 0.986
[Infer] Class 012 | Snickers | Confidence: 1.000
[Infer] Class 003 | Gardetto's Original Recipe | Confidence: 1.000
[Infer] Class 078 | BEEF JERKY | Confidence: 1.000
[Infer] Class 027 | Morton Salt, Iodized | Confidence: 1.000
[Infer] Class 118 | Ben & Jerry's Ice Cream World's Best Vanilla | Confidence: 1.000
[Infer] Class 063 | NYQUIL LQCAPS PSE FREE 12 CT | Confidence: 1.000
[Infer] Class 041 | FORMULA 409 | Confidence: 1.000
[Infer] Class 003 | Gardetto's Original Recipe | Confidence: 1.000
[Infer] Class 012 | Snickers | Confidence: 1.000
[Infer] Class 118 | Ben & Jerry's Ice Cream World's Best Vanilla | Confidence: 1.000
[Infer] Class 078 | BEEF JERKY | Confidence: 1.000
[Infer] Class 056 | Propel Fitness Water | Confidence: 1.000
[Infer] Class 041 | FORMULA 409 | Confidence: 1.000
[Infer] Class 095 | GM HNY NUT CHEERIOS CEREAL CUP | Confidence: 1.000
[Infer] Class 095 | GM HNY NUT CHEERIOS CEREAL CUP | Confidence: 1.000
[Infer] Class 027 | Morton Salt, Iodized | Confidence: 1.000
[Infer] Class 012 | Snickers | Confidence: 1.000
[Infer] Class 056 | Propel Fitness Water | Confidence: 1.000
[Infer] Class 107 | Mini Chips Ahoy! | Confidence: 1.000
[Infer] Class 041 | FORMULA 409 | Confidence: 1.000
[Infer] Class 107 | Mini Chips Ahoy! | Confidence: 1.000
[Infer] Class 063 | NYQUIL LQCAPS PSE FREE 12 CT | Confidence: 1.000
[Infer] Class 095 | GM HNY NUT CHEERIOS CEREAL CUP | Confidence: 1.000
[Infer] Class 078 | BEEF JERKY | Confidence: 0.976
[Infer] Class 041 | FORMULA 409 | Confidence: 0.998
[Infer] Class 012 | Snickers | Confidence: 1.000
[Infer] Class 003 | Gardetto's Original Recipe | Confidence: 0.999
[Infer] Class 063 | NYQUIL LQCAPS PSE FREE 12 CT | Confidence: 0.994
[Infer] Class 095 | GM HNY NUT CHEERIOS CEREAL CUP | Confidence: 1.000
[Infer] Class 118 | Ben & Jerry's Ice Cream World's Best Vanilla | Confidence: 1.000
[Infer] Class 118 | Ben & Jerry's Ice Cream World's Best Vanilla | Confidence: 1.000
[Infer] Class 107 | Mini Chips Ahoy! | Confidence: 1.000
[Infer] Class 078 | BEEF JERKY | Confidence: 1.000
[Infer] Class 056 | Propel Fitness Water | Confidence: 1.000
[Infer] Class 027 | Morton Salt, Iodized | Confidence: 1.000
[Infer] Class 095 | GM HNY NUT CHEERIOS CEREAL CUP | Confidence: 1.000
[Infer] Class 078 | BEEF JERKY | Confidence: 1.000
[Infer] Class 063 | NYQUIL LQCAPS PSE FREE 12 CT | Confidence: 0.998
[Infer] Class 003 | Gardetto's Original Recipe | Confidence: 0.999
[Infer] Class 027 | Morton Salt, Iodized | Confidence: 1.000
[Infer] Class 118 | Ben & Jerry's Ice Cream World's Best Vanilla | Confidence: 1.000
[Infer] Class 107 | Mini Chips Ahoy! | Confidence: 1.000
[Infer] Class 095 | GM HNY NUT CHEERIOS CEREAL CUP | Confidence: 1.000
[Infer] Class 063 | NYQUIL LQCAPS PSE FREE 12 CT | Confidence: 0.997
[Infer] Class 078 | BEEF JERKY | Confidence: 1.000
[Infer] Class 027 | Morton Salt, Iodized | Confidence: 1.000
[Infer] Class 027 | Morton Salt, Iodized | Confidence: 1.000
[Infer] Class 078 | BEEF JERKY | Confidence: 1.000
[Infer] Class 012 | Snickers | Confidence: 1.000
[Infer] Class 107 | Mini Chips Ahoy! | Confidence: 1.000
[Infer] Class 003 | Gardetto's Original Recipe | Confidence: 0.999
[Infer] Class 118 | Ben & Jerry's Ice Cream World's Best Vanilla | Confidence: 1.000
[Infer] Class 056 | Propel Fitness Water | Confidence: 1.000
[Infer] Class 107 | Mini Chips Ahoy! | Confidence: 1.000
feed_3  starting stream with  35  frames
feed_3 | video20.png : feed_3_2025-12-02T21-09-22.png
feed_3 | video8.png : feed_3_2025-12-02T21-09-23.png
feed_3 | video28.png : feed_3_2025-12-02T21-09-23.png
feed_3 | video5.png : feed_3_2025-12-02T21-09-24.png
feed_3 | video24.png : feed_3_2025-12-02T21-09-25.png
feed_3 | video29.png : feed_3_2025-12-02T21-09-26.png
feed_3 | video26.png : feed_3_2025-12-02T21-09-27.png
feed_3 | video19.png : feed_3_2025-12-02T21-09-27.png
feed_3 | video35.png : feed_3_2025-12-02T21-09-28.png
feed_3 | video11.png : feed_3_2025-12-02T21-09-28.png
feed_3 | video4.png : feed_3_2025-12-02T21-09-29.png
feed_3 | video17.png : feed_3_2025-12-02T21-09-30.png
feed_3 | video25.png : feed_3_2025-12-02T21-09-30.png
feed_3 | video30.png : feed_3_2025-12-02T21-09-32.png
feed_3 | video13.png : feed_3_2025-12-02T21-09-33.png
feed_3 | video9.png : feed_3_2025-12-02T21-09-33.png
feed_3 | video15.png : feed_3_2025-12-02T21-09-34.png
feed_3 | video16.png : feed_3_2025-12-02T21-09-35.png
feed_3 | video14.png : feed_3_2025-12-02T21-09-36.png
feed_3 | video2.png : feed_3_2025-12-02T21-09-36.png
feed_3 | video1.png : feed_3_2025-12-02T21-09-37.png
feed_3 | video6.png : feed_3_2025-12-02T21-09-37.png
feed_3 | video21.png : feed_3_2025-12-02T21-09-38.png
feed_3 | video32.png : feed_3_2025-12-02T21-09-38.png
feed_3 | video18.png : feed_3_2025-12-02T21-09-39.png
feed_3 | video27.png : feed_3_2025-12-02T21-09-40.png
feed_3 | video3.png : feed_3_2025-12-02T21-09-40.png
feed_3 | video10.png : feed_3_2025-12-02T21-09-41.png
feed_3 | video33.png : feed_3_2025-12-02T21-09-42.png
feed_3 | video7.png : feed_3_2025-12-02T21-09-42.png
feed_3 | video34.png : feed_3_2025-12-02T21-09-43.png
feed_3 | video12.png : feed_3_2025-12-02T21-09-43.png
feed_3 | video31.png : feed_3_2025-12-02T21-09-44.png
feed_3 | video23.png : feed_3_2025-12-02T21-09-45.png
feed_3 | video22.png : feed_3_2025-12-02T21-09-46.png
feed_3  finished sending 35 frames
feed_9  starting stream with  74  frames
feed_9 | video4.png : feed_9_2025-12-02T21-09-22.png
feed_9 | video72.png : feed_9_2025-12-02T21-09-23.png
feed_9 | video39.png : feed_9_2025-12-02T21-09-23.png
feed_9 | video64.png : feed_9_2025-12-02T21-09-24.png
feed_9 | video12.png : feed_9_2025-12-02T21-09-24.png
feed_9 | video49.png : feed_9_2025-12-02T21-09-26.png
feed_9 | video14.png : feed_9_2025-12-02T21-09-26.png
feed_9 | video45.png : feed_9_2025-12-02T21-09-27.png
feed_9 | video42.png : feed_9_2025-12-02T21-09-27.png
feed_9 | video46.png : feed_9_2025-12-02T21-09-28.png
feed_9 | video32.png : feed_9_2025-12-02T21-09-28.png
feed_9 | video8.png : feed_9_2025-12-02T21-09-29.png
feed_9 | video1.png : feed_9_2025-12-02T21-09-30.png
feed_9 | video22.png : feed_9_2025-12-02T21-09-31.png
feed_9 | video5.png : feed_9_2025-12-02T21-09-32.png
feed_9 | video31.png : feed_9_2025-12-02T21-09-32.png
feed_9 | video30.png : feed_9_2025-12-02T21-09-33.png
feed_9 | video20.png : feed_9_2025-12-02T21-09-34.png
feed_9 | video10.png : feed_9_2025-12-02T21-09-34.png
feed_9 | video27.png : feed_9_2025-12-02T21-09-35.png
feed_9 | video60.png : feed_9_2025-12-02T21-09-36.png
feed_9 | video38.png : feed_9_2025-12-02T21-09-36.png
feed_9 | video61.png : feed_9_2025-12-02T21-09-37.png
feed_9 | video51.png : feed_9_2025-12-02T21-09-37.png
feed_9 | video40.png : feed_9_2025-12-02T21-09-38.png
feed_9 | video69.png : feed_9_2025-12-02T21-09-38.png
feed_9 | video55.png : feed_9_2025-12-02T21-09-39.png
feed_9 | video13.png : feed_9_2025-12-02T21-09-39.png
feed_9 | video44.png : feed_9_2025-12-02T21-09-40.png
feed_9 | video74.png : feed_9_2025-12-02T21-09-40.png
feed_9 | video58.png : feed_9_2025-12-02T21-09-41.png
feed_9 | video43.png : feed_9_2025-12-02T21-09-42.png
feed_9 | video34.png : feed_9_2025-12-02T21-09-43.png
feed_9 | video68.png : feed_9_2025-12-02T21-09-44.png
feed_9 | video18.png : feed_9_2025-12-02T21-09-44.png
feed_9 | video9.png : feed_9_2025-12-02T21-09-45.png
feed_9 | video26.png : feed_9_2025-12-02T21-09-45.png
feed_9 | video48.png : feed_9_2025-12-02T21-09-46.png
feed_9 | video63.png : feed_9_2025-12-02T21-09-47.png
feed_9 | video62.png : feed_9_2025-12-02T21-09-48.png
feed_9  finished sending 40 frames
feed_7  starting stream with  203  frames
feed_7 | video183.png : feed_7_2025-12-02T21-09-22.png
feed_7 | video129.png : feed_7_2025-12-02T21-09-23.png
feed_7 | video115.png : feed_7_2025-12-02T21-09-23.png
feed_7 | video139.png : feed_7_2025-12-02T21-09-24.png
feed_7 | video142.png : feed_7_2025-12-02T21-09-24.png
feed_7 | video54.png : feed_7_2025-12-02T21-09-25.png
feed_7 | video31.png : feed_7_2025-12-02T21-09-25.png
feed_7 | video116.png : feed_7_2025-12-02T21-09-26.png
feed_7 | video64.png : feed_7_2025-12-02T21-09-27.png
feed_7 | video9.png : feed_7_2025-12-02T21-09-27.png
feed_7 | video47.png : feed_7_2025-12-02T21-09-28.png
feed_7 | video51.png : feed_7_2025-12-02T21-09-29.png
feed_7 | video162.png : feed_7_2025-12-02T21-09-29.png
feed_7 | video193.png : feed_7_2025-12-02T21-09-31.png
feed_7 | video69.png : feed_7_2025-12-02T21-09-31.png
feed_7 | video48.png : feed_7_2025-12-02T21-09-32.png
feed_7 | video182.png : feed_7_2025-12-02T21-09-33.png
feed_7 | video55.png : feed_7_2025-12-02T21-09-33.png
feed_7 | video168.png : feed_7_2025-12-02T21-09-34.png
feed_7 | video190.png : feed_7_2025-12-02T21-09-35.png
feed_7 | video176.png : feed_7_2025-12-02T21-09-35.png
feed_7 | video102.png : feed_7_2025-12-02T21-09-36.png
feed_7 | video165.png : feed_7_2025-12-02T21-09-37.png
feed_7 | video185.png : feed_7_2025-12-02T21-09-38.png
feed_7 | video191.png : feed_7_2025-12-02T21-09-39.png
feed_7 | video173.png : feed_7_2025-12-02T21-09-39.png
feed_7 | video56.png : feed_7_2025-12-02T21-09-41.png
feed_7 | video38.png : feed_7_2025-12-02T21-09-41.png
feed_7 | video180.png : feed_7_2025-12-02T21-09-42.png
feed_7 | video26.png : feed_7_2025-12-02T21-09-43.png
feed_7 | video126.png : feed_7_2025-12-02T21-09-43.png
feed_7 | video177.png : feed_7_2025-12-02T21-09-44.png
feed_7 | video84.png : feed_7_2025-12-02T21-09-45.png
feed_7 | video155.png : feed_7_2025-12-02T21-09-46.png
feed_7 | video50.png : feed_7_2025-12-02T21-09-47.png
feed_7 | video198.png : feed_7_2025-12-02T21-09-48.png
feed_7 | video197.png : feed_7_2025-12-02T21-09-48.png
feed_7 | video151.png : feed_7_2025-12-02T21-09-49.png
feed_7 | video160.png : feed_7_2025-12-02T21-09-49.png
feed_7 | video121.png : feed_7_2025-12-02T21-09-50.png
feed_7  finished sending 40 frames
feed_6  starting stream with  56  frames
feed_6 | video30.png : feed_6_2025-12-02T21-09-22.png
feed_6 | video36.png : feed_6_2025-12-02T21-09-23.png
feed_6 | video11.png : feed_6_2025-12-02T21-09-23.png
feed_6 | video32.png : feed_6_2025-12-02T21-09-24.png
feed_6 | video14.png : feed_6_2025-12-02T21-09-25.png
feed_6 | video1.png : feed_6_2025-12-02T21-09-26.png
feed_6 | video27.png : feed_6_2025-12-02T21-09-27.png
feed_6 | video53.png : feed_6_2025-12-02T21-09-28.png
feed_6 | video18.png : feed_6_2025-12-02T21-09-29.png
feed_6 | video16.png : feed_6_2025-12-02T21-09-29.png
feed_6 | video4.png : feed_6_2025-12-02T21-09-30.png
feed_6 | video22.png : feed_6_2025-12-02T21-09-31.png
feed_6 | video43.png : feed_6_2025-12-02T21-09-32.png
feed_6 | video44.png : feed_6_2025-12-02T21-09-32.png
feed_6 | video2.png : feed_6_2025-12-02T21-09-33.png
feed_6 | video10.png : feed_6_2025-12-02T21-09-34.png
feed_6 | video12.png : feed_6_2025-12-02T21-09-34.png
feed_6 | video19.png : feed_6_2025-12-02T21-09-36.png
feed_6 | video7.png : feed_6_2025-12-02T21-09-36.png
feed_6 | video41.png : feed_6_2025-12-02T21-09-37.png
feed_6 | video45.png : feed_6_2025-12-02T21-09-37.png
feed_6 | video39.png : feed_6_2025-12-02T21-09-38.png
feed_6 | video54.png : feed_6_2025-12-02T21-09-39.png
feed_6 | video5.png : feed_6_2025-12-02T21-09-39.png
feed_6 | video46.png : feed_6_2025-12-02T21-09-40.png
feed_6 | video37.png : feed_6_2025-12-02T21-09-42.png
feed_6 | video55.png : feed_6_2025-12-02T21-09-42.png
feed_6 | video52.png : feed_6_2025-12-02T21-09-43.png
feed_6 | video3.png : feed_6_2025-12-02T21-09-43.png
feed_6 | video13.png : feed_6_2025-12-02T21-09-44.png
feed_6 | video49.png : feed_6_2025-12-02T21-09-44.png
feed_6 | video17.png : feed_6_2025-12-02T21-09-45.png
feed_6 | video48.png : feed_6_2025-12-02T21-09-46.png
feed_6 | video6.png : feed_6_2025-12-02T21-09-47.png
feed_6 | video15.png : feed_6_2025-12-02T21-09-47.png
feed_6 | video24.png : feed_6_2025-12-02T21-09-48.png
feed_6 | video38.png : feed_6_2025-12-02T21-09-50.png
feed_6 | video29.png : feed_6_2025-12-02T21-09-50.png
feed_6 | video28.png : feed_6_2025-12-02T21-09-51.png
feed_6 | video8.png : feed_6_2025-12-02T21-09-51.png
feed_6  finished sending 40 frames
feed_10  starting stream with  62  frames
feed_10 | video26.png : feed_10_2025-12-02T21-09-22.png
feed_10 | video18.png : feed_10_2025-12-02T21-09-23.png
feed_10 | video58.png : feed_10_2025-12-02T21-09-24.png
feed_10 | video37.png : feed_10_2025-12-02T21-09-25.png
feed_10 | video46.png : feed_10_2025-12-02T21-09-25.png
feed_10 | video21.png : feed_10_2025-12-02T21-09-26.png
feed_10 | video3.png : feed_10_2025-12-02T21-09-27.png
feed_10 | video50.png : feed_10_2025-12-02T21-09-28.png
feed_10 | video53.png : feed_10_2025-12-02T21-09-28.png
feed_10 | video5.png : feed_10_2025-12-02T21-09-29.png
feed_10 | video38.png : feed_10_2025-12-02T21-09-29.png
feed_10 | video34.png : feed_10_2025-12-02T21-09-30.png
feed_10 | video60.png : feed_10_2025-12-02T21-09-31.png
feed_10 | video52.png : feed_10_2025-12-02T21-09-32.png
feed_10 | video61.png : feed_10_2025-12-02T21-09-33.png
feed_10 | video24.png : feed_10_2025-12-02T21-09-33.png
feed_10 | video14.png : feed_10_2025-12-02T21-09-35.png
feed_10 | video25.png : feed_10_2025-12-02T21-09-35.png
feed_10 | video49.png : feed_10_2025-12-02T21-09-36.png
feed_10 | video2.png : feed_10_2025-12-02T21-09-36.png
feed_10 | video36.png : feed_10_2025-12-02T21-09-37.png
feed_10 | video54.png : feed_10_2025-12-02T21-09-38.png
feed_10 | video43.png : feed_10_2025-12-02T21-09-39.png
feed_10 | video55.png : feed_10_2025-12-02T21-09-40.png
feed_10 | video48.png : feed_10_2025-12-02T21-09-41.png
feed_10 | video10.png : feed_10_2025-12-02T21-09-42.png
feed_10 | video22.png : feed_10_2025-12-02T21-09-43.png
feed_10 | video7.png : feed_10_2025-12-02T21-09-44.png
feed_10 | video32.png : feed_10_2025-12-02T21-09-44.png
feed_10 | video30.png : feed_10_2025-12-02T21-09-45.png
feed_10 | video31.png : feed_10_2025-12-02T21-09-46.png
feed_10 | video17.png : feed_10_2025-12-02T21-09-46.png
feed_10 | video42.png : feed_10_2025-12-02T21-09-47.png
feed_10 | video13.png : feed_10_2025-12-02T21-09-47.png
feed_10 | video4.png : feed_10_2025-12-02T21-09-48.png
feed_10 | video12.png : feed_10_2025-12-02T21-09-49.png
feed_10 | video29.png : feed_10_2025-12-02T21-09-50.png
feed_10 | video44.png : feed_10_2025-12-02T21-09-50.png
feed_10 | video27.png : feed_10_2025-12-02T21-09-51.png
feed_10 | video56.png : feed_10_2025-12-02T21-09-52.png
feed_10  finished sending 40 frames
feed_5  starting stream with  76  frames
feed_5 | video7.png : feed_5_2025-12-02T21-09-22.png
feed_5 | video1.png : feed_5_2025-12-02T21-09-23.png
feed_5 | video11.png : feed_5_2025-12-02T21-09-23.png
feed_5 | video51.png : feed_5_2025-12-02T21-09-24.png
feed_5 | video29.png : feed_5_2025-12-02T21-09-26.png
feed_5 | video55.png : feed_5_2025-12-02T21-09-26.png
feed_5 | video38.png : feed_5_2025-12-02T21-09-27.png
feed_5 | video39.png : feed_5_2025-12-02T21-09-28.png
feed_5 | video66.png : feed_5_2025-12-02T21-09-29.png
feed_5 | video34.png : feed_5_2025-12-02T21-09-30.png
feed_5 | video18.png : feed_5_2025-12-02T21-09-31.png
feed_5 | video67.png : feed_5_2025-12-02T21-09-32.png
feed_5 | video10.png : feed_5_2025-12-02T21-09-34.png
feed_5 | video49.png : feed_5_2025-12-02T21-09-35.png
feed_5 | video33.png : feed_5_2025-12-02T21-09-35.png
feed_5 | video61.png : feed_5_2025-12-02T21-09-36.png
feed_5 | video36.png : feed_5_2025-12-02T21-09-36.png
feed_5 | video3.png : feed_5_2025-12-02T21-09-37.png
feed_5 | video37.png : feed_5_2025-12-02T21-09-38.png
feed_5 | video65.png : feed_5_2025-12-02T21-09-39.png
feed_5 | video19.png : feed_5_2025-12-02T21-09-39.png
feed_5 | video9.png : feed_5_2025-12-02T21-09-40.png
feed_5 | video74.png : feed_5_2025-12-02T21-09-41.png
feed_5 | video58.png : feed_5_2025-12-02T21-09-41.png
feed_5 | video71.png : feed_5_2025-12-02T21-09-42.png
feed_5 | video2.png : feed_5_2025-12-02T21-09-42.png
feed_5 | video14.png : feed_5_2025-12-02T21-09-44.png
feed_5 | video75.png : feed_5_2025-12-02T21-09-45.png
feed_5 | video43.png : feed_5_2025-12-02T21-09-46.png
feed_5 | video23.png : feed_5_2025-12-02T21-09-47.png
feed_5 | video31.png : feed_5_2025-12-02T21-09-48.png
feed_5 | video15.png : feed_5_2025-12-02T21-09-48.png
feed_5 | video45.png : feed_5_2025-12-02T21-09-49.png
feed_5 | video20.png : feed_5_2025-12-02T21-09-49.png
feed_5 | video12.png : feed_5_2025-12-02T21-09-50.png
feed_5 | video8.png : feed_5_2025-12-02T21-09-51.png
feed_5 | video54.png : feed_5_2025-12-02T21-09-52.png
feed_5 | video13.png : feed_5_2025-12-02T21-09-53.png
feed_5 | video22.png : feed_5_2025-12-02T21-09-53.png
feed_5 | video48.png : feed_5_2025-12-02T21-09-54.png
feed_5  finished sending 40 frames
[Infer] Class 012 | Snickers | Confidence: 1.000
[Infer] Class 003 | Gardetto's Original Recipe | Confidence: 0.999
[Infer] Class 118 | Ben & Jerry's Ice Cream World's Best Vanilla | Confidence: 1.000
[Infer] Class 056 | Propel Fitness Water | Confidence: 1.000
[Infer] Class 107 | Mini Chips Ahoy! | Confidence: 1.000
[Infer] Class 063 | NYQUIL LQCAPS PSE FREE 12 CT | Confidence: 1.000
[Infer] Class 095 | GM HNY NUT CHEERIOS CEREAL CUP | Confidence: 1.000
[Infer] Class 027 | Morton Salt, Iodized | Confidence: 1.000
[Infer] Class 056 | Propel Fitness Water | Confidence: 1.000
[Infer] Class 078 | BEEF JERKY | Confidence: 1.000
[Infer] Class 063 | NYQUIL LQCAPS PSE FREE 12 CT | Confidence: 0.999
[Infer] Class 027 | Morton Salt, Iodized | Confidence: 1.000
[Infer] Class 078 | BEEF JERKY | Confidence: 1.000
[Infer] Class 003 | Gardetto's Original Recipe | Confidence: 0.999
[Infer] Class 095 | GM HNY NUT CHEERIOS CEREAL CUP | Confidence: 1.000
[Infer] Class 012 | Snickers | Confidence: 1.000
[Infer] Class 095 | GM HNY NUT CHEERIOS CEREAL CUP | Confidence: 1.000
[Infer] Class 012 | Snickers | Confidence: 1.000
[Infer] Class 118 | Ben & Jerry's Ice Cream World's Best Vanilla | Confidence: 1.000
[Infer] Class 107 | Mini Chips Ahoy! | Confidence: 1.000
[Infer] Class 056 | Propel Fitness Water | Confidence: 1.000
[Infer] Class 003 | Gardetto's Original Recipe | Confidence: 1.000
[Infer] Class 095 | GM HNY NUT CHEERIOS CEREAL CUP | Confidence: 0.999
[Infer] Class 107 | Mini Chips Ahoy! | Confidence: 1.000
[Infer] Class 027 | Morton Salt, Iodized | Confidence: 1.000
[Infer] Class 012 | Snickers | Confidence: 1.000
[Infer] Class 063 | NYQUIL LQCAPS PSE FREE 12 CT | Confidence: 0.997
[Infer] Class 118 | Ben & Jerry's Ice Cream World's Best Vanilla | Confidence: 1.000
[Infer] Class 056 | Propel Fitness Water | Confidence: 1.000
[Infer] Class 078 | BEEF JERKY | Confidence: 1.000
[Infer] Class 118 | Ben & Jerry's Ice Cream World's Best Vanilla | Confidence: 1.000
[Infer] Class 003 | Gardetto's Original Recipe | Confidence: 1.000
[Infer] Class 056 | Propel Fitness Water | Confidence: 0.999
[Infer] Class 063 | NYQUIL LQCAPS PSE FREE 12 CT | Confidence: 1.000
[Infer] Class 095 | GM HNY NUT CHEERIOS CEREAL CUP | Confidence: 0.998
[Infer] Class 107 | Mini Chips Ahoy! | Confidence: 1.000
[Infer] Class 012 | Snickers | Confidence: 1.000
[Infer] Class 027 | Morton Salt, Iodized | Confidence: 1.000
[Infer] Class 056 | Propel Fitness Water | Confidence: 1.000
[Infer] Class 027 | Morton Salt, Iodized | Confidence: 1.000
[Infer] Class 107 | Mini Chips Ahoy! | Confidence: 1.000
[Infer] Class 003 | Gardetto's Original Recipe | Confidence: 1.000
[Infer] Class 095 | GM HNY NUT CHEERIOS CEREAL CUP | Confidence: 1.000
[Infer] Class 107 | Mini Chips Ahoy! | Confidence: 1.000
[Infer] Class 078 | BEEF JERKY | Confidence: 0.996
[Infer] Class 063 | NYQUIL LQCAPS PSE FREE 12 CT | Confidence: 1.000
[Infer] Class 012 | Snickers | Confidence: 0.998
[Infer] Class 118 | Ben & Jerry's Ice Cream World's Best Vanilla | Confidence: 1.000
[Infer] Class 056 | Propel Fitness Water | Confidence: 1.000
[Infer] Class 095 | GM HNY NUT CHEERIOS CEREAL CUP | Confidence: 1.000
[Infer] Class 027 | Morton Salt, Iodized | Confidence: 0.999
[Infer] Class 107 | Mini Chips Ahoy! | Confidence: 1.000
[Infer] Class 095 | GM HNY NUT CHEERIOS CEREAL CUP | Confidence: 0.998
[Infer] Class 012 | Snickers | Confidence: 0.995
[Infer] Class 027 | Morton Salt, Iodized | Confidence: 1.000
[Infer] Class 118 | Ben & Jerry's Ice Cream World's Best Vanilla | Confidence: 0.984
[Infer] Class 078 | BEEF JERKY | Confidence: 1.000
[Infer] Class 063 | NYQUIL LQCAPS PSE FREE 12 CT | Confidence: 0.998
[Infer] Class 078 | BEEF JERKY | Confidence: 1.000
[Infer] Class 003 | Gardetto's Original Recipe | Confidence: 1.000
[Infer] Class 118 | Ben & Jerry's Ice Cream World's Best Vanilla | Confidence: 1.000
[Infer] Class 063 | NYQUIL LQCAPS PSE FREE 12 CT | Confidence: 0.999
[Infer] Class 003 | Gardetto's Original Recipe | Confidence: 1.000
[Infer] Class 118 | Ben & Jerry's Ice Cream World's Best Vanilla | Confidence: 0.999
[Infer] Class 107 | Mini Chips Ahoy! | Confidence: 1.000
[Infer] Class 095 | GM HNY NUT CHEERIOS CEREAL CUP | Confidence: 1.000
[Infer] Class 012 | Snickers | Confidence: 1.000
[Infer] Class 027 | Morton Salt, Iodized | Confidence: 1.000
[Infer] Class 056 | Propel Fitness Water | Confidence: 1.000
[Infer] Class 078 | BEEF JERKY | Confidence: 1.000
[Infer] Class 095 | GM HNY NUT CHEERIOS CEREAL CUP | Confidence: 1.000
[Infer] Class 107 | Mini Chips Ahoy! | Confidence: 1.000
[Infer] Class 078 | BEEF JERKY | Confidence: 1.000
[Infer] Class 027 | Morton Salt, Iodized | Confidence: 1.000
[Infer] Class 063 | NYQUIL LQCAPS PSE FREE 12 CT | Confidence: 1.000
[Infer] Class 056 | Propel Fitness Water | Confidence: 1.000
[Infer] Class 118 | Ben & Jerry's Ice Cream World's Best Vanilla | Confidence: 1.000
[Infer] Class 003 | Gardetto's Original Recipe | Confidence: 1.000
[Infer] Class 012 | Snickers | Confidence: 0.995
[Infer] Class 107 | Mini Chips Ahoy! | Confidence: 1.000
[Infer] Class 063 | NYQUIL LQCAPS PSE FREE 12 CT | Confidence: 1.000
[Infer] Class 118 | Ben & Jerry's Ice Cream World's Best Vanilla | Confidence: 1.000
[Infer] Class 012 | Snickers | Confidence: 0.994
[Infer] Class 003 | Gardetto's Original Recipe | Confidence: 1.000
[Infer] Class 056 | Propel Fitness Water | Confidence: 1.000
[Infer] Class 078 | BEEF JERKY | Confidence: 1.000
[Infer] Class 078 | BEEF JERKY | Confidence: 0.999
[Infer] Class 095 | GM HNY NUT CHEERIOS CEREAL CUP | Confidence: 1.000
[Infer] Class 056 | Propel Fitness Water | Confidence: 1.000
[Infer] Class 118 | Ben & Jerry's Ice Cream World's Best Vanilla | Confidence: 1.000
[Infer] Class 078 | BEEF JERKY | Confidence: 0.995
[Infer] Class 012 | Snickers | Confidence: 1.000
[Infer] Class 107 | Mini Chips Ahoy! | Confidence: 1.000
[Infer] Class 027 | Morton Salt, Iodized | Confidence: 1.000
[Infer] Class 107 | Mini Chips Ahoy! | Confidence: 1.000
[Infer] Class 003 | Gardetto's Original Recipe | Confidence: 1.000
[Infer] Class 063 | NYQUIL LQCAPS PSE FREE 12 CT | Confidence: 0.999
[Infer] Class 003 | Gardetto's Original Recipe | Confidence: 1.000
[Infer] Class 003 | Gardetto's Original Recipe | Confidence: 1.000
[Infer] Class 118 | Ben & Jerry's Ice Cream World's Best Vanilla | Confidence: 0.999
[Infer] Class 078 | BEEF JERKY | Confidence: 1.000
[Infer] Class 012 | Snickers | Confidence: 1.000
[Infer] Class 056 | Propel Fitness Water | Confidence: 1.000
[Infer] Class 118 | Ben & Jerry's Ice Cream World's Best Vanilla | Confidence: 1.000
[Infer] Class 095 | GM HNY NUT CHEERIOS CEREAL CUP | Confidence: 1.000
[Infer] Class 063 | NYQUIL LQCAPS PSE FREE 12 CT | Confidence: 1.000
[Infer] Class 056 | Propel Fitness Water | Confidence: 1.000
[Infer] Class 012 | Snickers | Confidence: 1.000
[Infer] Class 056 | Propel Fitness Water | Confidence: 1.000
[Infer] Class 063 | NYQUIL LQCAPS PSE FREE 12 CT | Confidence: 1.000
[Infer] Class 118 | Ben & Jerry's Ice Cream World's Best Vanilla | Confidence: 1.000
[Infer] Class 095 | GM HNY NUT CHEERIOS CEREAL CUP | Confidence: 0.999
[Infer] Class 078 | BEEF JERKY | Confidence: 0.999
[Infer] Class 012 | Snickers | Confidence: 1.000
[Infer] Class 063 | NYQUIL LQCAPS PSE FREE 12 CT | Confidence: 1.000
[Infer] Class 003 | Gardetto's Original Recipe | Confidence: 1.000
[Infer] Class 003 | Gardetto's Original Recipe | Confidence: 1.000
[Infer] Class 095 | GM HNY NUT CHEERIOS CEREAL CUP | Confidence: 1.000
[Infer] Class 056 | Propel Fitness Water | Confidence: 1.000
[Infer] Class 118 | Ben & Jerry's Ice Cream World's Best Vanilla | Confidence: 1.000
[Infer] Class 056 | Propel Fitness Water | Confidence: 1.000
[Infer] Class 095 | GM HNY NUT CHEERIOS CEREAL CUP | Confidence: 1.000
[Infer] Class 012 | Snickers | Confidence: 1.000
[Infer] Class 012 | Snickers | Confidence: 0.996
[Infer] Class 056 | Propel Fitness Water | Confidence: 1.000
[Infer] Class 003 | Gardetto's Original Recipe | Confidence: 1.000
[Infer] Class 118 | Ben & Jerry's Ice Cream World's Best Vanilla | Confidence: 1.000
[Infer] Class 003 | Gardetto's Original Recipe | Confidence: 1.000
feed_1  starting stream with  83  frames
feed_1 | video7.png : feed_1_2025-12-02T21-09-22.png
feed_1 | video29.png : feed_1_2025-12-02T21-09-23.png
feed_1 | video54.png : feed_1_2025-12-02T21-09-24.png
feed_1 | video75.png : feed_1_2025-12-02T21-09-25.png
feed_1 | video1.png : feed_1_2025-12-02T21-09-26.png
feed_1 | video43.png : feed_1_2025-12-02T21-09-27.png
feed_1 | video68.png : feed_1_2025-12-02T21-09-28.png
feed_1 | video79.png : feed_1_2025-12-02T21-09-30.png
feed_1 | video52.png : feed_1_2025-12-02T21-09-30.png
feed_1 | video3.png : feed_1_2025-12-02T21-09-31.png
feed_1 | video73.png : feed_1_2025-12-02T21-09-31.png
feed_1 | video64.png : feed_1_2025-12-02T21-09-33.png
feed_1 | video62.png : feed_1_2025-12-02T21-09-33.png
feed_1 | video33.png : feed_1_2025-12-02T21-09-34.png
feed_1 | video42.png : feed_1_2025-12-02T21-09-35.png
feed_1 | video4.png : feed_1_2025-12-02T21-09-36.png
feed_1 | video17.png : feed_1_2025-12-02T21-09-36.png
feed_1 | video65.png : feed_1_2025-12-02T21-09-38.png
feed_1 | video44.png : feed_1_2025-12-02T21-09-39.png
feed_1 | video5.png : feed_1_2025-12-02T21-09-40.png
feed_1 | video83.png : feed_1_2025-12-02T21-09-41.png
feed_1 | video11.png : feed_1_2025-12-02T21-09-41.png
feed_1 | video80.png : feed_1_2025-12-02T21-09-43.png
feed_1 | video32.png : feed_1_2025-12-02T21-09-43.png
feed_1 | video78.png : feed_1_2025-12-02T21-09-44.png
feed_1 | video51.png : feed_1_2025-12-02T21-09-44.png
feed_1 | video41.png : feed_1_2025-12-02T21-09-45.png
feed_1 | video24.png : feed_1_2025-12-02T21-09-46.png
feed_1 | video81.png : feed_1_2025-12-02T21-09-46.png
feed_1 | video8.png : feed_1_2025-12-02T21-09-47.png
feed_1 | video37.png : feed_1_2025-12-02T21-09-47.png
feed_1 | video59.png : feed_1_2025-12-02T21-09-48.png
feed_1 | video66.png : feed_1_2025-12-02T21-09-48.png
feed_1 | video23.png : feed_1_2025-12-02T21-09-49.png
feed_1 | video28.png : feed_1_2025-12-02T21-09-49.png
feed_1 | video22.png : feed_1_2025-12-02T21-09-50.png
feed_1 | video74.png : feed_1_2025-12-02T21-09-51.png
feed_1 | video55.png : feed_1_2025-12-02T21-09-52.png
feed_1 | video71.png : feed_1_2025-12-02T21-09-53.png
feed_1 | video40.png : feed_1_2025-12-02T21-09-54.png
feed_1  finished sending 40 frames
feed_8  starting stream with  145  frames
feed_8 | video50.png : feed_8_2025-12-02T21-09-22.png
feed_8 | video74.png : feed_8_2025-12-02T21-09-23.png
feed_8 | video1.png : feed_8_2025-12-02T21-09-24.png
feed_8 | video107.png : feed_8_2025-12-02T21-09-24.png
feed_8 | video22.png : feed_8_2025-12-02T21-09-25.png
feed_8 | video7.png : feed_8_2025-12-02T21-09-27.png
feed_8 | video142.png : feed_8_2025-12-02T21-09-27.png
feed_8 | video76.png : feed_8_2025-12-02T21-09-28.png
feed_8 | video21.png : feed_8_2025-12-02T21-09-29.png
feed_8 | video114.png : feed_8_2025-12-02T21-09-30.png
feed_8 | video4.png : feed_8_2025-12-02T21-09-31.png
feed_8 | video47.png : feed_8_2025-12-02T21-09-32.png
feed_8 | video12.png : feed_8_2025-12-02T21-09-32.png
feed_8 | video86.png : feed_8_2025-12-02T21-09-33.png
feed_8 | video115.png : feed_8_2025-12-02T21-09-34.png
feed_8 | video63.png : feed_8_2025-12-02T21-09-35.png
feed_8 | video10.png : feed_8_2025-12-02T21-09-36.png
feed_8 | video65.png : feed_8_2025-12-02T21-09-37.png
feed_8 | video29.png : feed_8_2025-12-02T21-09-38.png
feed_8 | video52.png : feed_8_2025-12-02T21-09-39.png
feed_8 | video106.png : feed_8_2025-12-02T21-09-40.png
feed_8 | video20.png : feed_8_2025-12-02T21-09-40.png
feed_8 | video105.png : feed_8_2025-12-02T21-09-41.png
feed_8 | video91.png : feed_8_2025-12-02T21-09-42.png
feed_8 | video134.png : feed_8_2025-12-02T21-09-43.png
feed_8 | video37.png : feed_8_2025-12-02T21-09-44.png
feed_8 | video33.png : feed_8_2025-12-02T21-09-44.png
feed_8 | video81.png : feed_8_2025-12-02T21-09-45.png
feed_8 | video99.png : feed_8_2025-12-02T21-09-45.png
feed_8 | video51.png : feed_8_2025-12-02T21-09-47.png
feed_8 | video61.png : feed_8_2025-12-02T21-09-47.png
feed_8 | video136.png : feed_8_2025-12-02T21-09-48.png
feed_8 | video122.png : feed_8_2025-12-02T21-09-49.png
feed_8 | video69.png : feed_8_2025-12-02T21-09-50.png
feed_8 | video101.png : feed_8_2025-12-02T21-09-52.png
feed_8 | video108.png : feed_8_2025-12-02T21-09-52.png
feed_8 | video9.png : feed_8_2025-12-02T21-09-53.png
feed_8 | video17.png : feed_8_2025-12-02T21-09-54.png
feed_8 | video133.png : feed_8_2025-12-02T21-09-54.png
feed_8 | video56.png : feed_8_2025-12-02T21-09-56.png
feed_8  finished sending 40 frames
feed_2  starting stream with  120  frames
feed_2 | video8.png : feed_2_2025-12-02T21-09-22.png
feed_2 | video115.png : feed_2_2025-12-02T21-09-23.png
feed_2 | video69.png : feed_2_2025-12-02T21-09-24.png
feed_2 | video24.png : feed_2_2025-12-02T21-09-25.png
feed_2 | video25.png : feed_2_2025-12-02T21-09-25.png
feed_2 | video50.png : feed_2_2025-12-02T21-09-26.png
feed_2 | video29.png : feed_2_2025-12-02T21-09-26.png
feed_2 | video100.png : feed_2_2025-12-02T21-09-27.png
feed_2 | video23.png : feed_2_2025-12-02T21-09-28.png
feed_2 | video80.png : feed_2_2025-12-02T21-09-29.png
feed_2 | video16.png : feed_2_2025-12-02T21-09-30.png
feed_2 | video10.png : feed_2_2025-12-02T21-09-31.png
feed_2 | video52.png : feed_2_2025-12-02T21-09-32.png
feed_2 | video40.png : feed_2_2025-12-02T21-09-32.png
feed_2 | video116.png : feed_2_2025-12-02T21-09-34.png
feed_2 | video78.png : feed_2_2025-12-02T21-09-35.png
feed_2 | video54.png : feed_2_2025-12-02T21-09-36.png
feed_2 | video32.png : feed_2_2025-12-02T21-09-36.png
feed_2 | video105.png : feed_2_2025-12-02T21-09-37.png
feed_2 | video38.png : feed_2_2025-12-02T21-09-38.png
feed_2 | video12.png : feed_2_2025-12-02T21-09-39.png
feed_2 | video61.png : feed_2_2025-12-02T21-09-40.png
feed_2 | video19.png : feed_2_2025-12-02T21-09-41.png
feed_2 | video87.png : feed_2_2025-12-02T21-09-42.png
feed_2 | video9.png : feed_2_2025-12-02T21-09-44.png
feed_2 | video44.png : feed_2_2025-12-02T21-09-45.png
feed_2 | video22.png : feed_2_2025-12-02T21-09-46.png
feed_2 | video66.png : feed_2_2025-12-02T21-09-47.png
feed_2 | video48.png : feed_2_2025-12-02T21-09-48.png
feed_2 | video91.png : feed_2_2025-12-02T21-09-48.png
feed_2 | video104.png : feed_2_2025-12-02T21-09-50.png
feed_2 | video118.png : feed_2_2025-12-02T21-09-50.png
feed_2 | video85.png : feed_2_2025-12-02T21-09-51.png
feed_2 | video73.png : feed_2_2025-12-02T21-09-52.png
feed_2 | video112.png : feed_2_2025-12-02T21-09-53.png
feed_2 | video113.png : feed_2_2025-12-02T21-09-54.png
feed_2 | video49.png : feed_2_2025-12-02T21-09-54.png
feed_2 | video81.png : feed_2_2025-12-02T21-09-55.png
feed_2 | video76.png : feed_2_2025-12-02T21-09-55.png
feed_2 | video86.png : feed_2_2025-12-02T21-09-56.png
feed_2  finished sending 40 frames
