cleaned 253 files from stream_input
removed old log file
created new log:  feed_log.csv
Loaded 120 products
Using CUDA
[Watcher] Watching folder: stream_input
feed_4  starting stream with  14  frames
feed_4 | video5.png : feed_4_2025-12-02T21-08-29.png
feed_4 | video13.png : feed_4_2025-12-02T21-08-30.png
feed_4 | video3.png : feed_4_2025-12-02T21-08-31.png
feed_4 | video9.png : feed_4_2025-12-02T21-08-32.png
feed_4 | video6.png : feed_4_2025-12-02T21-08-32.png
feed_4 | video7.png : feed_4_2025-12-02T21-08-33.png
feed_4 | video10.png : feed_4_2025-12-02T21-08-34.png
feed_4 | video12.png : feed_4_2025-12-02T21-08-34.png
feed_4 | video2.png : feed_4_2025-12-02T21-08-35.png
feed_4 | video4.png : feed_4_2025-12-02T21-08-36.png
feed_4 | video1.png : feed_4_2025-12-02T21-08-37.png
feed_4 | video8.png : feed_4_2025-12-02T21-08-37.png
feed_4 | video14.png : feed_4_2025-12-02T21-08-39.png
feed_4 | video11.png : feed_4_2025-12-02T21-08-39.png
feed_4  finished sending 14 frames
[Infer] Class 095 | GM HNY NUT CHEERIOS CEREAL CUP | Confidence: 1.000
[Infer] Class 078 | BEEF JERKY | Confidence: 1.000
[Infer] Class 118 | Ben & Jerry's Ice Cream World's Best Vanilla | Confidence: 1.000
[Infer] Class 107 | Mini Chips Ahoy! | Confidence: 1.000
[Infer] Class 063 | NYQUIL LQCAPS PSE FREE 12 CT | Confidence: 1.000
[Infer] Class 027 | Morton Salt, Iodized | Confidence: 1.000
[Infer] Class 003 | Gardetto's Original Recipe | Confidence: 1.000
[Infer] Class 107 | Mini Chips Ahoy! | Confidence: 1.000
[Infer] Class 041 | FORMULA 409 | Confidence: 1.000
[Infer] Class 012 | Snickers | Confidence: 1.000
[Infer] Class 041 | FORMULA 409 | Confidence: 1.000
[Infer] Class 056 | Propel Fitness Water | Confidence: 1.000
[Infer] Class 056 | Propel Fitness Water | Confidence: 1.000
[Infer] Class 041 | FORMULA 409 | Confidence: 1.000
[Infer] Class 107 | Mini Chips Ahoy! | Confidence: 1.000
[Infer] Class 003 | Gardetto's Original Recipe | Confidence: 1.000
[Infer] Class 027 | Morton Salt, Iodized | Confidence: 1.000
[Infer] Class 095 | GM HNY NUT CHEERIOS CEREAL CUP | Confidence: 0.999
[Infer] Class 027 | Morton Salt, Iodized | Confidence: 1.000
[Infer] Class 118 | Ben & Jerry's Ice Cream World's Best Vanilla | Confidence: 1.000
[Infer] Class 078 | BEEF JERKY | Confidence: 1.000
[Infer] Class 041 | FORMULA 409 | Confidence: 1.000
[Infer] Class 003 | Gardetto's Original Recipe | Confidence: 0.999
[Infer] Class 003 | Gardetto's Original Recipe | Confidence: 1.000
[Infer] Class 012 | Snickers | Confidence: 1.000
[Infer] Class 063 | NYQUIL LQCAPS PSE FREE 12 CT | Confidence: 0.995
[Infer] Class 107 | Mini Chips Ahoy! | Confidence: 0.998
[Infer] Class 063 | NYQUIL LQCAPS PSE FREE 12 CT | Confidence: 1.000
[Infer] Class 078 | BEEF JERKY | Confidence: 1.000
[Infer] Class 012 | Snickers | Confidence: 1.000
[Infer] Class 078 | BEEF JERKY | Confidence: 0.997
[Infer] Class 056 | Propel Fitness Water | Confidence: 1.000
[Infer] Class 056 | Propel Fitness Water | Confidence: 1.000
[Infer] Class 118 | Ben & Jerry's Ice Cream World's Best Vanilla | Confidence: 0.999
[Infer] Class 095 | GM HNY NUT CHEERIOS CEREAL CUP | Confidence: 1.000
[Infer] Class 012 | Snickers | Confidence: 0.999
[Infer] Class 041 | FORMULA 409 | Confidence: 1.000
[Infer] Class 003 | Gardetto's Original Recipe | Confidence: 1.000
[Infer] Class 063 | NYQUIL LQCAPS PSE FREE 12 CT | Confidence: 1.000
[Infer] Class 063 | NYQUIL LQCAPS PSE FREE 12 CT | Confidence: 1.000
[Infer] Class 012 | Snickers | Confidence: 1.000
[Infer] Class 078 | BEEF JERKY | Confidence: 0.992
[Infer] Class 118 | Ben & Jerry's Ice Cream World's Best Vanilla | Confidence: 1.000
[Infer] Class 095 | GM HNY NUT CHEERIOS CEREAL CUP | Confidence: 1.000
[Infer] Class 107 | Mini Chips Ahoy! | Confidence: 1.000
[Infer] Class 027 | Morton Salt, Iodized | Confidence: 0.999
[Infer] Class 078 | BEEF JERKY | Confidence: 1.000
[Infer] Class 095 | GM HNY NUT CHEERIOS CEREAL CUP | Confidence: 1.000
[Infer] Class 118 | Ben & Jerry's Ice Cream World's Best Vanilla | Confidence: 1.000
[Infer] Class 107 | Mini Chips Ahoy! | Confidence: 1.000
[Infer] Class 012 | Snickers | Confidence: 0.992
[Infer] Class 041 | FORMULA 409 | Confidence: 1.000
[Infer] Class 056 | Propel Fitness Water | Confidence: 1.000
[Infer] Class 095 | GM HNY NUT CHEERIOS CEREAL CUP | Confidence: 1.000
[Infer] Class 003 | Gardetto's Original Recipe | Confidence: 1.000
[Infer] Class 063 | NYQUIL LQCAPS PSE FREE 12 CT | Confidence: 1.000
[Infer] Class 003 | Gardetto's Original Recipe | Confidence: 1.000
[Infer] Class 056 | Propel Fitness Water | Confidence: 1.000
[Infer] Class 027 | Morton Salt, Iodized | Confidence: 1.000
[Infer] Class 078 | BEEF JERKY | Confidence: 1.000
[Infer] Class 012 | Snickers | Confidence: 1.000
[Infer] Class 078 | BEEF JERKY | Confidence: 1.000
[Infer] Class 063 | NYQUIL LQCAPS PSE FREE 12 CT | Confidence: 1.000
[Infer] Class 118 | Ben & Jerry's Ice Cream World's Best Vanilla | Confidence: 1.000
[Infer] Class 118 | Ben & Jerry's Ice Cream World's Best Vanilla | Confidence: 1.000
[Infer] Class 063 | NYQUIL LQCAPS PSE FREE 12 CT | Confidence: 1.000
[Infer] Class 041 | FORMULA 409 | Confidence: 0.999
[Infer] Class 003 | Gardetto's Original Recipe | Confidence: 1.000
[Infer] Class 027 | Morton Salt, Iodized | Confidence: 1.000
[Infer] Class 012 | Snickers | Confidence: 1.000
[Infer] Class 056 | Propel Fitness Water | Confidence: 1.000
[Infer] Class 107 | Mini Chips Ahoy! | Confidence: 1.000
[Infer] Class 063 | NYQUIL LQCAPS PSE FREE 12 CT | Confidence: 1.000
[Infer] Class 118 | Ben & Jerry's Ice Cream World's Best Vanilla | Confidence: 1.000
[Infer] Class 041 | FORMULA 409 | Confidence: 1.000
[Infer] Class 027 | Morton Salt, Iodized | Confidence: 1.000
[Infer] Class 056 | Propel Fitness Water | Confidence: 1.000
[Infer] Class 095 | GM HNY NUT CHEERIOS CEREAL CUP | Confidence: 1.000
[Infer] Class 041 | FORMULA 409 | Confidence: 1.000
[Infer] Class 107 | Mini Chips Ahoy! | Confidence: 1.000
[Infer] Class 012 | Snickers | Confidence: 1.000
[Infer] Class 095 | GM HNY NUT CHEERIOS CEREAL CUP | Confidence: 1.000
[Infer] Class 003 | Gardetto's Original Recipe | Confidence: 1.000
[Infer] Class 027 | Morton Salt, Iodized | Confidence: 1.000
[Infer] Class 095 | GM HNY NUT CHEERIOS CEREAL CUP | Confidence: 1.000
[Infer] Class 118 | Ben & Jerry's Ice Cream World's Best Vanilla | Confidence: 0.999
[Infer] Class 107 | Mini Chips Ahoy! | Confidence: 1.000
[Infer] Class 078 | BEEF JERKY | Confidence: 1.000
[Infer] Class 078 | BEEF JERKY | Confidence: 1.000
[Infer] Class 056 | Propel Fitness Water | Confidence: 1.000
[Infer] Class 003 | Gardetto's Original Recipe | Confidence: 1.000
[Infer] Class 107 | Mini Chips Ahoy! | Confidence: 1.000
[Infer] Class 056 | Propel Fitness Water | Confidence: 1.000
[Infer] Class 063 | NYQUIL LQCAPS PSE FREE 12 CT | Confidence: 0.998
[Infer] Class 118 | Ben & Jerry's Ice Cream World's Best Vanilla | Confidence: 1.000
[Infer] Class 063 | NYQUIL LQCAPS PSE FREE 12 CT | Confidence: 1.000
[Infer] Class 078 | BEEF JERKY | Confidence: 1.000
[Infer] Class 027 | Morton Salt, Iodized | Confidence: 1.000
[Infer] Class 095 | GM HNY NUT CHEERIOS CEREAL CUP | Confidence: 1.000
[Infer] Class 041 | FORMULA 409 | Confidence: 1.000
[Infer] Class 003 | Gardetto's Original Recipe | Confidence: 1.000
[Infer] Class 012 | Snickers | Confidence: 1.000
[Infer] Class 012 | Snickers | Confidence: 1.000
[Infer] Class 078 | BEEF JERKY | Confidence: 0.998
[Infer] Class 118 | Ben & Jerry's Ice Cream World's Best Vanilla | Confidence: 1.000
[Infer] Class 012 | Snickers | Confidence: 0.998
[Infer] Class 027 | Morton Salt, Iodized | Confidence: 1.000
[Infer] Class 107 | Mini Chips Ahoy! | Confidence: 1.000
[Infer] Class 003 | Gardetto's Original Recipe | Confidence: 0.961
[Infer] Class 063 | NYQUIL LQCAPS PSE FREE 12 CT | Confidence: 1.000
[Infer] Class 095 | GM HNY NUT CHEERIOS CEREAL CUP | Confidence: 1.000
[Infer] Class 027 | Morton Salt, Iodized | Confidence: 1.000
[Infer] Class 063 | NYQUIL LQCAPS PSE FREE 12 CT | Confidence: 1.000
[Infer] Class 118 | Ben & Jerry's Ice Cream World's Best Vanilla | Confidence: 1.000
[Infer] Class 056 | Propel Fitness Water | Confidence: 1.000
[Infer] Class 107 | Mini Chips Ahoy! | Confidence: 1.000
[Infer] Class 003 | Gardetto's Original Recipe | Confidence: 1.000
[Infer] Class 095 | GM HNY NUT CHEERIOS CEREAL CUP | Confidence: 0.999
[Infer] Class 012 | Snickers | Confidence: 0.998
[Infer] Class 056 | Propel Fitness Water | Confidence: 0.999
[Infer] Class 078 | BEEF JERKY | Confidence: 1.000
[Infer] Class 078 | BEEF JERKY | Confidence: 1.000
[Infer] Class 107 | Mini Chips Ahoy! | Confidence: 1.000
[Infer] Class 012 | Snickers | Confidence: 1.000
[Infer] Class 063 | NYQUIL LQCAPS PSE FREE 12 CT | Confidence: 1.000
[Infer] Class 095 | GM HNY NUT CHEERIOS CEREAL CUP | Confidence: 1.000
[Infer] Class 027 | Morton Salt, Iodized | Confidence: 1.000
[Infer] Class 056 | Propel Fitness Water | Confidence: 1.000
[Infer] Class 003 | Gardetto's Original Recipe | Confidence: 1.000
[Infer] Class 118 | Ben & Jerry's Ice Cream World's Best Vanilla | Confidence: 1.000
[Infer] Class 095 | GM HNY NUT CHEERIOS CEREAL CUP | Confidence: 0.999
feed_3  starting stream with  35  frames
feed_3 | video3.png : feed_3_2025-12-02T21-08-29.png
feed_3 | video11.png : feed_3_2025-12-02T21-08-29.png
feed_3 | video20.png : feed_3_2025-12-02T21-08-30.png
feed_3 | video15.png : feed_3_2025-12-02T21-08-32.png
feed_3 | video6.png : feed_3_2025-12-02T21-08-32.png
feed_3 | video35.png : feed_3_2025-12-02T21-08-33.png
feed_3 | video17.png : feed_3_2025-12-02T21-08-34.png
feed_3 | video5.png : feed_3_2025-12-02T21-08-35.png
feed_3 | video2.png : feed_3_2025-12-02T21-08-35.png
feed_3 | video12.png : feed_3_2025-12-02T21-08-37.png
feed_3 | video31.png : feed_3_2025-12-02T21-08-38.png
feed_3 | video10.png : feed_3_2025-12-02T21-08-39.png
feed_3 | video9.png : feed_3_2025-12-02T21-08-39.png
feed_3 | video26.png : feed_3_2025-12-02T21-08-40.png
feed_3 | video7.png : feed_3_2025-12-02T21-08-40.png
feed_3 | video24.png : feed_3_2025-12-02T21-08-41.png
feed_3 | video4.png : feed_3_2025-12-02T21-08-41.png
feed_3 | video19.png : feed_3_2025-12-02T21-08-42.png
feed_3 | video30.png : feed_3_2025-12-02T21-08-43.png
feed_3 | video27.png : feed_3_2025-12-02T21-08-43.png
feed_3 | video33.png : feed_3_2025-12-02T21-08-44.png
feed_3 | video21.png : feed_3_2025-12-02T21-08-44.png
feed_3 | video28.png : feed_3_2025-12-02T21-08-45.png
feed_3 | video34.png : feed_3_2025-12-02T21-08-45.png
feed_3 | video29.png : feed_3_2025-12-02T21-08-46.png
feed_3 | video25.png : feed_3_2025-12-02T21-08-46.png
feed_3 | video8.png : feed_3_2025-12-02T21-08-48.png
feed_3 | video13.png : feed_3_2025-12-02T21-08-49.png
feed_3 | video22.png : feed_3_2025-12-02T21-08-49.png
feed_3 | video32.png : feed_3_2025-12-02T21-08-50.png
feed_3 | video18.png : feed_3_2025-12-02T21-08-51.png
feed_3 | video14.png : feed_3_2025-12-02T21-08-52.png
feed_3 | video1.png : feed_3_2025-12-02T21-08-52.png
feed_3 | video23.png : feed_3_2025-12-02T21-08-53.png
feed_3 | video16.png : feed_3_2025-12-02T21-08-54.png
feed_3  finished sending 35 frames
feed_10  starting stream with  62  frames
feed_10 | video21.png : feed_10_2025-12-02T21-08-29.png
feed_10 | video19.png : feed_10_2025-12-02T21-08-29.png
feed_10 | video57.png : feed_10_2025-12-02T21-08-30.png
feed_10 | video4.png : feed_10_2025-12-02T21-08-30.png
feed_10 | video53.png : feed_10_2025-12-02T21-08-31.png
feed_10 | video15.png : feed_10_2025-12-02T21-08-33.png
feed_10 | video14.png : feed_10_2025-12-02T21-08-33.png
feed_10 | video36.png : feed_10_2025-12-02T21-08-34.png
feed_10 | video44.png : feed_10_2025-12-02T21-08-34.png
feed_10 | video35.png : feed_10_2025-12-02T21-08-35.png
feed_10 | video48.png : feed_10_2025-12-02T21-08-36.png
feed_10 | video29.png : feed_10_2025-12-02T21-08-36.png
feed_10 | video24.png : feed_10_2025-12-02T21-08-37.png
feed_10 | video38.png : feed_10_2025-12-02T21-08-38.png
feed_10 | video23.png : feed_10_2025-12-02T21-08-38.png
feed_10 | video39.png : feed_10_2025-12-02T21-08-39.png
feed_10 | video61.png : feed_10_2025-12-02T21-08-40.png
feed_10 | video37.png : feed_10_2025-12-02T21-08-40.png
feed_10 | video26.png : feed_10_2025-12-02T21-08-41.png
feed_10 | video11.png : feed_10_2025-12-02T21-08-42.png
feed_10 | video55.png : feed_10_2025-12-02T21-08-42.png
feed_10 | video7.png : feed_10_2025-12-02T21-08-43.png
feed_10 | video56.png : feed_10_2025-12-02T21-08-43.png
feed_10 | video22.png : feed_10_2025-12-02T21-08-44.png
feed_10 | video46.png : feed_10_2025-12-02T21-08-44.png
feed_10 | video27.png : feed_10_2025-12-02T21-08-45.png
feed_10 | video62.png : feed_10_2025-12-02T21-08-45.png
feed_10 | video50.png : feed_10_2025-12-02T21-08-46.png
feed_10 | video41.png : feed_10_2025-12-02T21-08-47.png
feed_10 | video13.png : feed_10_2025-12-02T21-08-48.png
feed_10 | video16.png : feed_10_2025-12-02T21-08-49.png
feed_10 | video47.png : feed_10_2025-12-02T21-08-50.png
feed_10 | video5.png : feed_10_2025-12-02T21-08-50.png
feed_10 | video17.png : feed_10_2025-12-02T21-08-51.png
feed_10 | video60.png : feed_10_2025-12-02T21-08-51.png
feed_10 | video3.png : feed_10_2025-12-02T21-08-52.png
feed_10 | video31.png : feed_10_2025-12-02T21-08-53.png
feed_10 | video52.png : feed_10_2025-12-02T21-08-54.png
feed_10 | video42.png : feed_10_2025-12-02T21-08-55.png
feed_10 | video45.png : feed_10_2025-12-02T21-08-55.png
feed_10  finished sending 40 frames
feed_9  starting stream with  74  frames
feed_9 | video39.png : feed_9_2025-12-02T21-08-29.png
feed_9 | video68.png : feed_9_2025-12-02T21-08-30.png
feed_9 | video54.png : feed_9_2025-12-02T21-08-31.png
feed_9 | video11.png : feed_9_2025-12-02T21-08-31.png
feed_9 | video36.png : feed_9_2025-12-02T21-08-32.png
feed_9 | video16.png : feed_9_2025-12-02T21-08-32.png
feed_9 | video22.png : feed_9_2025-12-02T21-08-33.png
feed_9 | video6.png : feed_9_2025-12-02T21-08-33.png
feed_9 | video5.png : feed_9_2025-12-02T21-08-34.png
feed_9 | video48.png : feed_9_2025-12-02T21-08-35.png
feed_9 | video43.png : feed_9_2025-12-02T21-08-35.png
feed_9 | video26.png : feed_9_2025-12-02T21-08-36.png
feed_9 | video55.png : feed_9_2025-12-02T21-08-36.png
feed_9 | video17.png : feed_9_2025-12-02T21-08-38.png
feed_9 | video9.png : feed_9_2025-12-02T21-08-38.png
feed_9 | video12.png : feed_9_2025-12-02T21-08-39.png
feed_9 | video2.png : feed_9_2025-12-02T21-08-40.png
feed_9 | video74.png : feed_9_2025-12-02T21-08-41.png
feed_9 | video10.png : feed_9_2025-12-02T21-08-41.png
feed_9 | video18.png : feed_9_2025-12-02T21-08-42.png
feed_9 | video14.png : feed_9_2025-12-02T21-08-44.png
feed_9 | video19.png : feed_9_2025-12-02T21-08-44.png
feed_9 | video58.png : feed_9_2025-12-02T21-08-45.png
feed_9 | video50.png : feed_9_2025-12-02T21-08-46.png
feed_9 | video53.png : feed_9_2025-12-02T21-08-46.png
feed_9 | video61.png : feed_9_2025-12-02T21-08-47.png
feed_9 | video41.png : feed_9_2025-12-02T21-08-48.png
feed_9 | video65.png : feed_9_2025-12-02T21-08-49.png
feed_9 | video51.png : feed_9_2025-12-02T21-08-50.png
feed_9 | video40.png : feed_9_2025-12-02T21-08-51.png
feed_9 | video46.png : feed_9_2025-12-02T21-08-52.png
feed_9 | video34.png : feed_9_2025-12-02T21-08-52.png
feed_9 | video23.png : feed_9_2025-12-02T21-08-53.png
feed_9 | video35.png : feed_9_2025-12-02T21-08-53.png
feed_9 | video59.png : feed_9_2025-12-02T21-08-54.png
feed_9 | video13.png : feed_9_2025-12-02T21-08-54.png
feed_9 | video44.png : feed_9_2025-12-02T21-08-55.png
feed_9 | video47.png : feed_9_2025-12-02T21-08-55.png
feed_9 | video70.png : feed_9_2025-12-02T21-08-56.png
feed_9 | video69.png : feed_9_2025-12-02T21-08-57.png
feed_9  finished sending 40 frames
feed_2  starting stream with  120  frames
feed_2 | video83.png : feed_2_2025-12-02T21-08-29.png
feed_2 | video109.png : feed_2_2025-12-02T21-08-29.png
feed_2 | video4.png : feed_2_2025-12-02T21-08-30.png
feed_2 | video110.png : feed_2_2025-12-02T21-08-31.png
feed_2 | video22.png : feed_2_2025-12-02T21-08-32.png
feed_2 | video27.png : feed_2_2025-12-02T21-08-32.png
feed_2 | video103.png : feed_2_2025-12-02T21-08-33.png
feed_2 | video114.png : feed_2_2025-12-02T21-08-33.png
feed_2 | video90.png : feed_2_2025-12-02T21-08-34.png
feed_2 | video98.png : feed_2_2025-12-02T21-08-34.png
feed_2 | video91.png : feed_2_2025-12-02T21-08-35.png
feed_2 | video26.png : feed_2_2025-12-02T21-08-36.png
feed_2 | video112.png : feed_2_2025-12-02T21-08-36.png
feed_2 | video38.png : feed_2_2025-12-02T21-08-37.png
feed_2 | video117.png : feed_2_2025-12-02T21-08-37.png
feed_2 | video84.png : feed_2_2025-12-02T21-08-38.png
feed_2 | video96.png : feed_2_2025-12-02T21-08-39.png
feed_2 | video102.png : feed_2_2025-12-02T21-08-39.png
feed_2 | video89.png : feed_2_2025-12-02T21-08-40.png
feed_2 | video16.png : feed_2_2025-12-02T21-08-40.png
feed_2 | video19.png : feed_2_2025-12-02T21-08-41.png
feed_2 | video20.png : feed_2_2025-12-02T21-08-42.png
feed_2 | video6.png : feed_2_2025-12-02T21-08-42.png
feed_2 | video37.png : feed_2_2025-12-02T21-08-43.png
feed_2 | video2.png : feed_2_2025-12-02T21-08-44.png
feed_2 | video92.png : feed_2_2025-12-02T21-08-45.png
feed_2 | video15.png : feed_2_2025-12-02T21-08-46.png
feed_2 | video59.png : feed_2_2025-12-02T21-08-46.png
feed_2 | video48.png : feed_2_2025-12-02T21-08-47.png
feed_2 | video63.png : feed_2_2025-12-02T21-08-49.png
feed_2 | video56.png : feed_2_2025-12-02T21-08-50.png
feed_2 | video3.png : feed_2_2025-12-02T21-08-51.png
feed_2 | video36.png : feed_2_2025-12-02T21-08-52.png
feed_2 | video44.png : feed_2_2025-12-02T21-08-53.png
feed_2 | video29.png : feed_2_2025-12-02T21-08-54.png
feed_2 | video81.png : feed_2_2025-12-02T21-08-54.png
feed_2 | video78.png : feed_2_2025-12-02T21-08-55.png
feed_2 | video94.png : feed_2_2025-12-02T21-08-55.png
feed_2 | video80.png : feed_2_2025-12-02T21-08-56.png
feed_2 | video61.png : feed_2_2025-12-02T21-08-57.png
feed_2  finished sending 40 frames
feed_8  starting stream with  145  frames
feed_8 | video41.png : feed_8_2025-12-02T21-08-29.png
feed_8 | video102.png : feed_8_2025-12-02T21-08-29.png
feed_8 | video55.png : feed_8_2025-12-02T21-08-31.png
feed_8 | video131.png : feed_8_2025-12-02T21-08-31.png
feed_8 | video127.png : feed_8_2025-12-02T21-08-32.png
feed_8 | video26.png : feed_8_2025-12-02T21-08-32.png
feed_8 | video98.png : feed_8_2025-12-02T21-08-33.png
feed_8 | video50.png : feed_8_2025-12-02T21-08-34.png
feed_8 | video34.png : feed_8_2025-12-02T21-08-35.png
feed_8 | video56.png : feed_8_2025-12-02T21-08-35.png
feed_8 | video87.png : feed_8_2025-12-02T21-08-36.png
feed_8 | video51.png : feed_8_2025-12-02T21-08-37.png
feed_8 | video115.png : feed_8_2025-12-02T21-08-37.png
feed_8 | video110.png : feed_8_2025-12-02T21-08-38.png
feed_8 | video95.png : feed_8_2025-12-02T21-08-38.png
feed_8 | video137.png : feed_8_2025-12-02T21-08-39.png
feed_8 | video112.png : feed_8_2025-12-02T21-08-40.png
feed_8 | video83.png : feed_8_2025-12-02T21-08-41.png
feed_8 | video3.png : feed_8_2025-12-02T21-08-41.png
feed_8 | video117.png : feed_8_2025-12-02T21-08-42.png
feed_8 | video57.png : feed_8_2025-12-02T21-08-43.png
feed_8 | video35.png : feed_8_2025-12-02T21-08-43.png
feed_8 | video59.png : feed_8_2025-12-02T21-08-44.png
feed_8 | video79.png : feed_8_2025-12-02T21-08-45.png
feed_8 | video114.png : feed_8_2025-12-02T21-08-45.png
feed_8 | video4.png : feed_8_2025-12-02T21-08-46.png
feed_8 | video104.png : feed_8_2025-12-02T21-08-46.png
feed_8 | video139.png : feed_8_2025-12-02T21-08-47.png
feed_8 | video125.png : feed_8_2025-12-02T21-08-48.png
feed_8 | video107.png : feed_8_2025-12-02T21-08-48.png
feed_8 | video99.png : feed_8_2025-12-02T21-08-49.png
feed_8 | video43.png : feed_8_2025-12-02T21-08-50.png
feed_8 | video52.png : feed_8_2025-12-02T21-08-51.png
feed_8 | video82.png : feed_8_2025-12-02T21-08-52.png
feed_8 | video128.png : feed_8_2025-12-02T21-08-52.png
feed_8 | video85.png : feed_8_2025-12-02T21-08-53.png
feed_8 | video77.png : feed_8_2025-12-02T21-08-54.png
feed_8 | video105.png : feed_8_2025-12-02T21-08-55.png
feed_8 | video73.png : feed_8_2025-12-02T21-08-56.png
feed_8 | video92.png : feed_8_2025-12-02T21-08-57.png
feed_8  finished sending 40 frames
[Watcher] Watching folder: stream_input
feed_1  starting stream with  83  frames
feed_1 | video35.png : feed_1_2025-12-02T21-08-29.png
feed_1 | video49.png : feed_1_2025-12-02T21-08-30.png
feed_1 | video12.png : feed_1_2025-12-02T21-08-31.png
feed_1 | video21.png : feed_1_2025-12-02T21-08-31.png
feed_1 | video26.png : feed_1_2025-12-02T21-08-32.png
feed_1 | video8.png : feed_1_2025-12-02T21-08-33.png
feed_1 | video68.png : feed_1_2025-12-02T21-08-34.png
feed_1 | video72.png : feed_1_2025-12-02T21-08-35.png
feed_1 | video33.png : feed_1_2025-12-02T21-08-35.png
feed_1 | video57.png : feed_1_2025-12-02T21-08-36.png
feed_1 | video38.png : feed_1_2025-12-02T21-08-36.png
feed_1 | video5.png : feed_1_2025-12-02T21-08-37.png
feed_1 | video55.png : feed_1_2025-12-02T21-08-38.png
feed_1 | video14.png : feed_1_2025-12-02T21-08-38.png
feed_1 | video54.png : feed_1_2025-12-02T21-08-39.png
feed_1 | video78.png : feed_1_2025-12-02T21-08-40.png
feed_1 | video63.png : feed_1_2025-12-02T21-08-40.png
feed_1 | video70.png : feed_1_2025-12-02T21-08-41.png
feed_1 | video3.png : feed_1_2025-12-02T21-08-42.png
feed_1 | video76.png : feed_1_2025-12-02T21-08-42.png
feed_1 | video73.png : feed_1_2025-12-02T21-08-43.png
feed_1 | video15.png : feed_1_2025-12-02T21-08-44.png
feed_1 | video65.png : feed_1_2025-12-02T21-08-44.png
feed_1 | video20.png : feed_1_2025-12-02T21-08-45.png
feed_1 | video9.png : feed_1_2025-12-02T21-08-46.png
feed_1 | video25.png : feed_1_2025-12-02T21-08-47.png
feed_1 | video60.png : feed_1_2025-12-02T21-08-47.png
feed_1 | video80.png : feed_1_2025-12-02T21-08-48.png
feed_1 | video7.png : feed_1_2025-12-02T21-08-48.png
feed_1 | video22.png : feed_1_2025-12-02T21-08-49.png
feed_1 | video56.png : feed_1_2025-12-02T21-08-50.png
feed_1 | video17.png : feed_1_2025-12-02T21-08-51.png
feed_1 | video4.png : feed_1_2025-12-02T21-08-52.png
feed_1 | video29.png : feed_1_2025-12-02T21-08-53.png
feed_1 | video10.png : feed_1_2025-12-02T21-08-54.png
feed_1 | video19.png : feed_1_2025-12-02T21-08-55.png
feed_1 | video51.png : feed_1_2025-12-02T21-08-56.png
feed_1 | video37.png : feed_1_2025-12-02T21-08-56.png
feed_1 | video27.png : feed_1_2025-12-02T21-08-57.png
feed_1 | video69.png : feed_1_2025-12-02T21-08-57.png
feed_1  finished sending 40 frames
feed_7  starting stream with  203  frames
feed_7 | video10.png : feed_7_2025-12-02T21-08-29.png
feed_7 | video138.png : feed_7_2025-12-02T21-08-29.png
feed_7 | video200.png : feed_7_2025-12-02T21-08-30.png
feed_7 | video117.png : feed_7_2025-12-02T21-08-30.png
feed_7 | video52.png : feed_7_2025-12-02T21-08-31.png
feed_7 | video110.png : feed_7_2025-12-02T21-08-32.png
feed_7 | video42.png : feed_7_2025-12-02T21-08-33.png
feed_7 | video173.png : feed_7_2025-12-02T21-08-34.png
feed_7 | video75.png : feed_7_2025-12-02T21-08-35.png
feed_7 | video77.png : feed_7_2025-12-02T21-08-35.png
feed_7 | video108.png : feed_7_2025-12-02T21-08-36.png
feed_7 | video68.png : feed_7_2025-12-02T21-08-37.png
feed_7 | video111.png : feed_7_2025-12-02T21-08-38.png
feed_7 | video188.png : feed_7_2025-12-02T21-08-38.png
feed_7 | video31.png : feed_7_2025-12-02T21-08-39.png
feed_7 | video44.png : feed_7_2025-12-02T21-08-40.png
feed_7 | video35.png : feed_7_2025-12-02T21-08-40.png
feed_7 | video105.png : feed_7_2025-12-02T21-08-41.png
feed_7 | video189.png : feed_7_2025-12-02T21-08-42.png
feed_7 | video151.png : feed_7_2025-12-02T21-08-42.png
feed_7 | video16.png : feed_7_2025-12-02T21-08-43.png
feed_7 | video53.png : feed_7_2025-12-02T21-08-43.png
feed_7 | video107.png : feed_7_2025-12-02T21-08-44.png
feed_7 | video184.png : feed_7_2025-12-02T21-08-45.png
feed_7 | video56.png : feed_7_2025-12-02T21-08-46.png
feed_7 | video133.png : feed_7_2025-12-02T21-08-47.png
feed_7 | video150.png : feed_7_2025-12-02T21-08-48.png
feed_7 | video93.png : feed_7_2025-12-02T21-08-48.png
feed_7 | video33.png : feed_7_2025-12-02T21-08-49.png
feed_7 | video83.png : feed_7_2025-12-02T21-08-50.png
feed_7 | video167.png : feed_7_2025-12-02T21-08-51.png
feed_7 | video74.png : feed_7_2025-12-02T21-08-52.png
feed_7 | video66.png : feed_7_2025-12-02T21-08-53.png
feed_7 | video120.png : feed_7_2025-12-02T21-08-54.png
feed_7 | video119.png : feed_7_2025-12-02T21-08-55.png
feed_7 | video136.png : feed_7_2025-12-02T21-08-55.png
feed_7 | video19.png : feed_7_2025-12-02T21-08-56.png
feed_7 | video71.png : feed_7_2025-12-02T21-08-57.png
feed_7 | video143.png : feed_7_2025-12-02T21-08-57.png
feed_7 | video137.png : feed_7_2025-12-02T21-08-58.png
feed_7  finished sending 40 frames
[Infer] Class 003 | Gardetto's Original Recipe | Confidence: 1.000
[Infer] Class 027 | Morton Salt, Iodized | Confidence: 1.000
[Infer] Class 107 | Mini Chips Ahoy! | Confidence: 1.000
[Infer] Class 118 | Ben & Jerry's Ice Cream World's Best Vanilla | Confidence: 1.000
[Infer] Class 063 | NYQUIL LQCAPS PSE FREE 12 CT | Confidence: 0.999
[Infer] Class 012 | Snickers | Confidence: 1.000
[Infer] Class 078 | BEEF JERKY | Confidence: 1.000
[Infer] Class 056 | Propel Fitness Water | Confidence: 1.000
[Infer] Class 012 | Snickers | Confidence: 1.000
[Infer] Class 063 | NYQUIL LQCAPS PSE FREE 12 CT | Confidence: 1.000
[Infer] Class 027 | Morton Salt, Iodized | Confidence: 1.000
[Infer] Class 003 | Gardetto's Original Recipe | Confidence: 1.000
[Infer] Class 078 | BEEF JERKY | Confidence: 1.000
[Infer] Class 078 | BEEF JERKY | Confidence: 1.000
[Infer] Class 095 | GM HNY NUT CHEERIOS CEREAL CUP | Confidence: 1.000
[Infer] Class 003 | Gardetto's Original Recipe | Confidence: 0.999
[Infer] Class 027 | Morton Salt, Iodized | Confidence: 1.000
[Infer] Class 107 | Mini Chips Ahoy! | Confidence: 1.000
[Infer] Class 118 | Ben & Jerry's Ice Cream World's Best Vanilla | Confidence: 1.000
[Infer] Class 012 | Snickers | Confidence: 0.999
[Infer] Class 056 | Propel Fitness Water | Confidence: 1.000
[Infer] Class 095 | GM HNY NUT CHEERIOS CEREAL CUP | Confidence: 1.000
[Infer] Class 063 | NYQUIL LQCAPS PSE FREE 12 CT | Confidence: 0.986
[Infer] Class 003 | Gardetto's Original Recipe | Confidence: 1.000
[Infer] Class 056 | Propel Fitness Water | Confidence: 1.000
[Infer] Class 107 | Mini Chips Ahoy! | Confidence: 1.000
[Infer] Class 095 | GM HNY NUT CHEERIOS CEREAL CUP | Confidence: 1.000
[Infer] Class 118 | Ben & Jerry's Ice Cream World's Best Vanilla | Confidence: 1.000
[Infer] Class 027 | Morton Salt, Iodized | Confidence: 1.000
[Infer] Class 012 | Snickers | Confidence: 0.991
[Infer] Class 078 | BEEF JERKY | Confidence: 1.000
[Infer] Class 056 | Propel Fitness Water | Confidence: 1.000
[Infer] Class 063 | NYQUIL LQCAPS PSE FREE 12 CT | Confidence: 1.000
[Infer] Class 056 | Propel Fitness Water | Confidence: 1.000
[Infer] Class 095 | GM HNY NUT CHEERIOS CEREAL CUP | Confidence: 1.000
[Infer] Class 078 | BEEF JERKY | Confidence: 1.000
[Infer] Class 118 | Ben & Jerry's Ice Cream World's Best Vanilla | Confidence: 1.000
[Infer] Class 003 | Gardetto's Original Recipe | Confidence: 1.000
[Infer] Class 107 | Mini Chips Ahoy! | Confidence: 1.000
[Infer] Class 118 | Ben & Jerry's Ice Cream World's Best Vanilla | Confidence: 1.000
[Infer] Class 012 | Snickers | Confidence: 0.991
[Infer] Class 078 | BEEF JERKY | Confidence: 1.000
[Infer] Class 107 | Mini Chips Ahoy! | Confidence: 1.000
[Infer] Class 095 | GM HNY NUT CHEERIOS CEREAL CUP | Confidence: 1.000
[Infer] Class 003 | Gardetto's Original Recipe | Confidence: 1.000
[Infer] Class 056 | Propel Fitness Water | Confidence: 1.000
[Infer] Class 027 | Morton Salt, Iodized | Confidence: 1.000
[Infer] Class 118 | Ben & Jerry's Ice Cream World's Best Vanilla | Confidence: 1.000
[Infer] Class 078 | BEEF JERKY | Confidence: 1.000
[Infer] Class 107 | Mini Chips Ahoy! | Confidence: 1.000
[Infer] Class 118 | Ben & Jerry's Ice Cream World's Best Vanilla | Confidence: 1.000
[Infer] Class 012 | Snickers | Confidence: 1.000
[Infer] Class 003 | Gardetto's Original Recipe | Confidence: 1.000
[Infer] Class 056 | Propel Fitness Water | Confidence: 1.000
[Infer] Class 063 | NYQUIL LQCAPS PSE FREE 12 CT | Confidence: 1.000
[Infer] Class 027 | Morton Salt, Iodized | Confidence: 1.000
[Infer] Class 095 | GM HNY NUT CHEERIOS CEREAL CUP | Confidence: 1.000
[Infer] Class 095 | GM HNY NUT CHEERIOS CEREAL CUP | Confidence: 1.000
[Infer] Class 027 | Morton Salt, Iodized | Confidence: 1.000
[Infer] Class 078 | BEEF JERKY | Confidence: 1.000
[Infer] Class 003 | Gardetto's Original Recipe | Confidence: 1.000
[Infer] Class 118 | Ben & Jerry's Ice Cream World's Best Vanilla | Confidence: 1.000
[Infer] Class 056 | Propel Fitness Water | Confidence: 1.000
[Infer] Class 107 | Mini Chips Ahoy! | Confidence: 1.000
[Infer] Class 095 | GM HNY NUT CHEERIOS CEREAL CUP | Confidence: 0.999
[Infer] Class 063 | NYQUIL LQCAPS PSE FREE 12 CT | Confidence: 1.000
[Infer] Class 118 | Ben & Jerry's Ice Cream World's Best Vanilla | Confidence: 0.999
[Infer] Class 012 | Snickers | Confidence: 1.000
[Infer] Class 063 | NYQUIL LQCAPS PSE FREE 12 CT | Confidence: 1.000
[Infer] Class 107 | Mini Chips Ahoy! | Confidence: 1.000
[Infer] Class 095 | GM HNY NUT CHEERIOS CEREAL CUP | Confidence: 1.000
[Infer] Class 107 | Mini Chips Ahoy! | Confidence: 1.000
[Infer] Class 003 | Gardetto's Original Recipe | Confidence: 0.999
[Infer] Class 027 | Morton Salt, Iodized | Confidence: 1.000
[Infer] Class 118 | Ben & Jerry's Ice Cream World's Best Vanilla | Confidence: 0.999
[Infer] Class 056 | Propel Fitness Water | Confidence: 1.000
[Infer] Class 003 | Gardetto's Original Recipe | Confidence: 1.000
[Infer] Class 027 | Morton Salt, Iodized | Confidence: 1.000
[Infer] Class 063 | NYQUIL LQCAPS PSE FREE 12 CT | Confidence: 1.000
[Infer] Class 012 | Snickers | Confidence: 1.000
[Infer] Class 012 | Snickers | Confidence: 1.000
[Infer] Class 078 | BEEF JERKY | Confidence: 1.000
[Infer] Class 056 | Propel Fitness Water | Confidence: 1.000
[Infer] Class 012 | Snickers | Confidence: 0.995
[Infer] Class 056 | Propel Fitness Water | Confidence: 1.000
[Infer] Class 003 | Gardetto's Original Recipe | Confidence: 1.000
[Infer] Class 095 | GM HNY NUT CHEERIOS CEREAL CUP | Confidence: 1.000
[Infer] Class 078 | BEEF JERKY | Confidence: 1.000
[Infer] Class 118 | Ben & Jerry's Ice Cream World's Best Vanilla | Confidence: 1.000
[Infer] Class 027 | Morton Salt, Iodized | Confidence: 1.000
[Infer] Class 107 | Mini Chips Ahoy! | Confidence: 1.000
[Infer] Class 063 | NYQUIL LQCAPS PSE FREE 12 CT | Confidence: 1.000
[Infer] Class 012 | Snickers | Confidence: 1.000
[Infer] Class 078 | BEEF JERKY | Confidence: 1.000
[Infer] Class 027 | Morton Salt, Iodized | Confidence: 1.000
[Infer] Class 003 | Gardetto's Original Recipe | Confidence: 1.000
[Infer] Class 118 | Ben & Jerry's Ice Cream World's Best Vanilla | Confidence: 1.000
[Infer] Class 078 | BEEF JERKY | Confidence: 1.000
[Infer] Class 107 | Mini Chips Ahoy! | Confidence: 1.000
[Infer] Class 063 | NYQUIL LQCAPS PSE FREE 12 CT | Confidence: 1.000
[Infer] Class 078 | BEEF JERKY | Confidence: 1.000
[Infer] Class 118 | Ben & Jerry's Ice Cream World's Best Vanilla | Confidence: 1.000
[Infer] Class 003 | Gardetto's Original Recipe | Confidence: 1.000
[Infer] Class 107 | Mini Chips Ahoy! | Confidence: 1.000
[Infer] Class 012 | Snickers | Confidence: 1.000
[Infer] Class 095 | GM HNY NUT CHEERIOS CEREAL CUP | Confidence: 1.000
[Infer] Class 056 | Propel Fitness Water | Confidence: 1.000
[Infer] Class 056 | Propel Fitness Water | Confidence: 1.000
[Infer] Class 003 | Gardetto's Original Recipe | Confidence: 1.000
[Infer] Class 095 | GM HNY NUT CHEERIOS CEREAL CUP | Confidence: 1.000
[Infer] Class 078 | BEEF JERKY | Confidence: 1.000
[Infer] Class 107 | Mini Chips Ahoy! | Confidence: 1.000
[Infer] Class 095 | GM HNY NUT CHEERIOS CEREAL CUP | Confidence: 1.000
[Infer] Class 063 | NYQUIL LQCAPS PSE FREE 12 CT | Confidence: 0.998
[Infer] Class 056 | Propel Fitness Water | Confidence: 1.000
[Infer] Class 063 | NYQUIL LQCAPS PSE FREE 12 CT | Confidence: 0.978
[Infer] Class 012 | Snickers | Confidence: 1.000
[Infer] Class 078 | BEEF JERKY | Confidence: 1.000
[Infer] Class 107 | Mini Chips Ahoy! | Confidence: 1.000
[Infer] Class 095 | GM HNY NUT CHEERIOS CEREAL CUP | Confidence: 1.000
[Infer] Class 012 | Snickers | Confidence: 1.000
[Infer] Class 056 | Propel Fitness Water | Confidence: 1.000
[Infer] Class 003 | Gardetto's Original Recipe | Confidence: 1.000
[Infer] Class 056 | Propel Fitness Water | Confidence: 1.000
[Infer] Class 078 | BEEF JERKY | Confidence: 0.999
[Infer] Class 063 | NYQUIL LQCAPS PSE FREE 12 CT | Confidence: 0.999
[Infer] Class 063 | NYQUIL LQCAPS PSE FREE 12 CT | Confidence: 0.999
[Infer] Class 063 | NYQUIL LQCAPS PSE FREE 12 CT | Confidence: 1.000
[Infer] Class 056 | Propel Fitness Water | Confidence: 1.000
feed_5  starting stream with  76  frames
feed_5 | video45.png : feed_5_2025-12-02T21-08-29.png
feed_5 | video74.png : feed_5_2025-12-02T21-08-29.png
feed_5 | video5.png : feed_5_2025-12-02T21-08-30.png
feed_5 | video11.png : feed_5_2025-12-02T21-08-31.png
feed_5 | video7.png : feed_5_2025-12-02T21-08-31.png
feed_5 | video50.png : feed_5_2025-12-02T21-08-32.png
feed_5 | video8.png : feed_5_2025-12-02T21-08-34.png
feed_5 | video36.png : feed_5_2025-12-02T21-08-34.png
feed_5 | video14.png : feed_5_2025-12-02T21-08-35.png
feed_5 | video17.png : feed_5_2025-12-02T21-08-36.png
feed_5 | video75.png : feed_5_2025-12-02T21-08-36.png
feed_5 | video28.png : feed_5_2025-12-02T21-08-37.png
feed_5 | video3.png : feed_5_2025-12-02T21-08-38.png
feed_5 | video16.png : feed_5_2025-12-02T21-08-38.png
feed_5 | video15.png : feed_5_2025-12-02T21-08-39.png
feed_5 | video30.png : feed_5_2025-12-02T21-08-40.png
feed_5 | video40.png : feed_5_2025-12-02T21-08-41.png
feed_5 | video53.png : feed_5_2025-12-02T21-08-41.png
feed_5 | video56.png : feed_5_2025-12-02T21-08-42.png
feed_5 | video10.png : feed_5_2025-12-02T21-08-42.png
feed_5 | video76.png : feed_5_2025-12-02T21-08-43.png
feed_5 | video38.png : feed_5_2025-12-02T21-08-44.png
feed_5 | video42.png : feed_5_2025-12-02T21-08-45.png
feed_5 | video51.png : feed_5_2025-12-02T21-08-46.png
feed_5 | video33.png : feed_5_2025-12-02T21-08-47.png
feed_5 | video21.png : feed_5_2025-12-02T21-08-48.png
feed_5 | video54.png : feed_5_2025-12-02T21-08-49.png
feed_5 | video32.png : feed_5_2025-12-02T21-08-50.png
feed_5 | video26.png : feed_5_2025-12-02T21-08-51.png
feed_5 | video13.png : feed_5_2025-12-02T21-08-52.png
feed_5 | video52.png : feed_5_2025-12-02T21-08-53.png
feed_5 | video62.png : feed_5_2025-12-02T21-08-53.png
feed_5 | video60.png : feed_5_2025-12-02T21-08-54.png
feed_5 | video63.png : feed_5_2025-12-02T21-08-55.png
feed_5 | video27.png : feed_5_2025-12-02T21-08-56.png
feed_5 | video48.png : feed_5_2025-12-02T21-08-57.png
feed_5 | video47.png : feed_5_2025-12-02T21-08-57.png
feed_5 | video35.png : feed_5_2025-12-02T21-08-58.png
feed_5 | video24.png : feed_5_2025-12-02T21-08-59.png
feed_5 | video6.png : feed_5_2025-12-02T21-09-00.png
feed_5  finished sending 40 frames
feed_6  starting stream with  56  frames
feed_6 | video27.png : feed_6_2025-12-02T21-08-29.png
feed_6 | video18.png : feed_6_2025-12-02T21-08-29.png
feed_6 | video49.png : feed_6_2025-12-02T21-08-30.png
feed_6 | video14.png : feed_6_2025-12-02T21-08-31.png
feed_6 | video41.png : feed_6_2025-12-02T21-08-32.png
feed_6 | video7.png : feed_6_2025-12-02T21-08-33.png
feed_6 | video37.png : feed_6_2025-12-02T21-08-34.png
feed_6 | video34.png : feed_6_2025-12-02T21-08-35.png
feed_6 | video24.png : feed_6_2025-12-02T21-08-36.png
feed_6 | video16.png : feed_6_2025-12-02T21-08-36.png
feed_6 | video50.png : feed_6_2025-12-02T21-08-37.png
feed_6 | video30.png : feed_6_2025-12-02T21-08-37.png
feed_6 | video56.png : feed_6_2025-12-02T21-08-38.png
feed_6 | video52.png : feed_6_2025-12-02T21-08-39.png
feed_6 | video12.png : feed_6_2025-12-02T21-08-39.png
feed_6 | video1.png : feed_6_2025-12-02T21-08-40.png
feed_6 | video55.png : feed_6_2025-12-02T21-08-41.png
feed_6 | video28.png : feed_6_2025-12-02T21-08-41.png
feed_6 | video43.png : feed_6_2025-12-02T21-08-42.png
feed_6 | video42.png : feed_6_2025-12-02T21-08-43.png
feed_6 | video10.png : feed_6_2025-12-02T21-08-44.png
feed_6 | video53.png : feed_6_2025-12-02T21-08-44.png
feed_6 | video4.png : feed_6_2025-12-02T21-08-45.png
feed_6 | video6.png : feed_6_2025-12-02T21-08-47.png
feed_6 | video47.png : feed_6_2025-12-02T21-08-47.png
feed_6 | video38.png : feed_6_2025-12-02T21-08-49.png
feed_6 | video15.png : feed_6_2025-12-02T21-08-50.png
feed_6 | video51.png : feed_6_2025-12-02T21-08-50.png
feed_6 | video22.png : feed_6_2025-12-02T21-08-51.png
feed_6 | video23.png : feed_6_2025-12-02T21-08-52.png
feed_6 | video48.png : feed_6_2025-12-02T21-08-53.png
feed_6 | video54.png : feed_6_2025-12-02T21-08-54.png
feed_6 | video9.png : feed_6_2025-12-02T21-08-56.png
feed_6 | video20.png : feed_6_2025-12-02T21-08-57.png
feed_6 | video35.png : feed_6_2025-12-02T21-08-57.png
feed_6 | video29.png : feed_6_2025-12-02T21-08-58.png
feed_6 | video46.png : feed_6_2025-12-02T21-08-59.png
feed_6 | video13.png : feed_6_2025-12-02T21-09-00.png
feed_6 | video36.png : feed_6_2025-12-02T21-09-00.png
feed_6 | video8.png : feed_6_2025-12-02T21-09-01.png
feed_6  finished sending 40 frames
