25/12/02 21:06:43 WARN Utils: Your hostname, b0410 resolves to a loopback address: 127.0.1.1; using 10.255.255.254 instead (on interface lo)
25/12/02 21:06:43 WARN Utils: Set SPARK_LOCAL_IP if you need to bind to another address
[Spark] Input dir      = /root/Real-Time-Grocery-Stock-Analysis/experiments/rate_1.0_cores_1_trig_2seconds_20251202_210638/json_stream
[Spark] Checkpoint dir = /root/Real-Time-Grocery-Stock-Analysis/experiments/rate_1.0_cores_1_trig_2seconds_20251202_210638/spark_checkpoint
[Spark] Metrics log    = /root/Real-Time-Grocery-Stock-Analysis/experiments/rate_1.0_cores_1_trig_2seconds_20251202_210638/batch_metrics.log
[Spark] Trigger        = 2 seconds
[Spark] Duration (s)   = 45
25/12/02 21:06:44 INFO SparkContext: Running Spark version 3.5.1
25/12/02 21:06:44 INFO SparkContext: OS info Linux, 6.6.87.2-microsoft-standard-WSL2, amd64
25/12/02 21:06:44 INFO SparkContext: Java version 11.0.29
25/12/02 21:06:44 WARN NativeCodeLoader: Unable to load native-hadoop library for your platform... using builtin-java classes where applicable
25/12/02 21:06:44 INFO ResourceUtils: ==============================================================
25/12/02 21:06:44 INFO ResourceUtils: No custom resources configured for spark.driver.
25/12/02 21:06:44 INFO ResourceUtils: ==============================================================
25/12/02 21:06:44 INFO SparkContext: Submitted application: GroZiStreamProcessor
25/12/02 21:06:44 INFO ResourceProfile: Default ResourceProfile created, executor resources: Map(cores -> name: cores, amount: 1, script: , vendor: , memory -> name: memory, amount: 1024, script: , vendor: , offHeap -> name: offHeap, amount: 0, script: , vendor: ), task resources: Map(cpus -> name: cpus, amount: 1.0)
25/12/02 21:06:44 INFO ResourceProfile: Limiting resource is cpu
25/12/02 21:06:44 INFO ResourceProfileManager: Added ResourceProfile id: 0
25/12/02 21:06:44 INFO SecurityManager: Changing view acls to: root
25/12/02 21:06:44 INFO SecurityManager: Changing modify acls to: root
25/12/02 21:06:44 INFO SecurityManager: Changing view acls groups to: 
25/12/02 21:06:44 INFO SecurityManager: Changing modify acls groups to: 
25/12/02 21:06:44 INFO SecurityManager: SecurityManager: authentication disabled; ui acls disabled; users with view permissions: root; groups with view permissions: EMPTY; users with modify permissions: root; groups with modify permissions: EMPTY
25/12/02 21:06:44 INFO Utils: Successfully started service 'sparkDriver' on port 38613.
25/12/02 21:06:44 INFO SparkEnv: Registering MapOutputTracker
25/12/02 21:06:44 INFO SparkEnv: Registering BlockManagerMaster
25/12/02 21:06:44 INFO BlockManagerMasterEndpoint: Using org.apache.spark.storage.DefaultTopologyMapper for getting topology information
25/12/02 21:06:44 INFO BlockManagerMasterEndpoint: BlockManagerMasterEndpoint up
25/12/02 21:06:44 INFO SparkEnv: Registering BlockManagerMasterHeartbeat
25/12/02 21:06:44 INFO DiskBlockManager: Created local directory at /tmp/blockmgr-8c41a8bc-c074-49e7-b5b3-0016b4735f19
25/12/02 21:06:44 INFO MemoryStore: MemoryStore started with capacity 434.4 MiB
25/12/02 21:06:44 INFO SparkEnv: Registering OutputCommitCoordinator
25/12/02 21:06:45 INFO JettyUtils: Start Jetty 0.0.0.0:4040 for SparkUI
25/12/02 21:06:45 INFO Utils: Successfully started service 'SparkUI' on port 4040.
25/12/02 21:06:45 INFO Executor: Starting executor ID driver on host 10.255.255.254
25/12/02 21:06:45 INFO Executor: OS info Linux, 6.6.87.2-microsoft-standard-WSL2, amd64
25/12/02 21:06:45 INFO Executor: Java version 11.0.29
25/12/02 21:06:45 INFO Executor: Starting executor with user classpath (userClassPathFirst = false): ''
25/12/02 21:06:45 INFO Executor: Created or updated repl class loader org.apache.spark.util.MutableURLClassLoader@61a4e5d6 for default.
25/12/02 21:06:45 INFO Utils: Successfully started service 'org.apache.spark.network.netty.NettyBlockTransferService' on port 39707.
25/12/02 21:06:45 INFO NettyBlockTransferService: Server created on 10.255.255.254:39707
25/12/02 21:06:45 INFO BlockManager: Using org.apache.spark.storage.RandomBlockReplicationPolicy for block replication policy
25/12/02 21:06:45 INFO BlockManagerMaster: Registering BlockManager BlockManagerId(driver, 10.255.255.254, 39707, None)
25/12/02 21:06:45 INFO BlockManagerMasterEndpoint: Registering block manager 10.255.255.254:39707 with 434.4 MiB RAM, BlockManagerId(driver, 10.255.255.254, 39707, None)
25/12/02 21:06:45 INFO BlockManagerMaster: Registered BlockManager BlockManagerId(driver, 10.255.255.254, 39707, None)
25/12/02 21:06:45 INFO BlockManager: Initialized BlockManager: BlockManagerId(driver, 10.255.255.254, 39707, None)
25/12/02 21:06:47 WARN ResolveWriteToStream: spark.sql.adaptive.enabled is not supported in streaming DataFrames/Datasets and will be disabled.
[Spark] Streaming query started.
[Spark] Batch 0 | rows=144 | unique=1 | avg_conf=None | latency_ms=None | proc_ms=5439.33
25/12/02 21:06:54 WARN ProcessingTimeExecutor: Current batch is falling behind. The trigger interval is 2000 milliseconds, but spent 6593 milliseconds
[Spark] Batch 1 | rows=592 | unique=1 | avg_conf=None | latency_ms=None | proc_ms=2094.74
25/12/02 21:06:57 WARN ProcessingTimeExecutor: Current batch is falling behind. The trigger interval is 2000 milliseconds, but spent 2903 milliseconds
[Spark] Batch 2 | rows=240 | unique=1 | avg_conf=None | latency_ms=None | proc_ms=1330.59
[Spark] Batch 3 | rows=72 | unique=1 | avg_conf=None | latency_ms=None | proc_ms=1228.63
[Spark] Batch 4 | rows=72 | unique=1 | avg_conf=None | latency_ms=None | proc_ms=1175.43
[Spark] Batch 5 | rows=136 | unique=1 | avg_conf=None | latency_ms=None | proc_ms=1150.56
[Spark] Batch 6 | rows=80 | unique=1 | avg_conf=None | latency_ms=None | proc_ms=1057.35
[Spark] Batch 7 | rows=152 | unique=1 | avg_conf=None | latency_ms=None | proc_ms=1253.88
[Spark] Batch 8 | rows=128 | unique=1 | avg_conf=None | latency_ms=None | proc_ms=1061.65
[Spark] Batch 9 | rows=152 | unique=1 | avg_conf=None | latency_ms=None | proc_ms=1036.44
[Spark] Batch 10 | rows=72 | unique=1 | avg_conf=None | latency_ms=None | proc_ms=1021.97
[Spark] Batch 11 | rows=96 | unique=1 | avg_conf=None | latency_ms=None | proc_ms=945.47
[Spark] Batch 12 | rows=48 | unique=1 | avg_conf=None | latency_ms=None | proc_ms=990.71
[Spark] Batch 13 | rows=24 | unique=1 | avg_conf=None | latency_ms=None | proc_ms=1041.18
[Spark] Batch 14 | rows=8 | unique=1 | avg_conf=None | latency_ms=None | proc_ms=978.74
