cleaned 267 files from stream_input
removed old log file
created new log:  feed_log.csv
Loaded 120 products
Using CUDA
[Watcher] Watching folder: stream_input
feed_4  starting stream with  14  frames
feed_4 | video9.png : feed_4_2025-12-02T21-10-16.png
feed_4 | video11.png : feed_4_2025-12-02T21-10-16.png
feed_4 | video7.png : feed_4_2025-12-02T21-10-17.png
feed_4 | video6.png : feed_4_2025-12-02T21-10-17.png
feed_4 | video12.png : feed_4_2025-12-02T21-10-18.png
feed_4 | video14.png : feed_4_2025-12-02T21-10-19.png
feed_4 | video4.png : feed_4_2025-12-02T21-10-20.png
feed_4 | video10.png : feed_4_2025-12-02T21-10-20.png
feed_4 | video8.png : feed_4_2025-12-02T21-10-21.png
feed_4 | video3.png : feed_4_2025-12-02T21-10-22.png
feed_4 | video2.png : feed_4_2025-12-02T21-10-22.png
feed_4 | video1.png : feed_4_2025-12-02T21-10-23.png
feed_4 | video5.png : feed_4_2025-12-02T21-10-23.png
feed_4 | video13.png : feed_4_2025-12-02T21-10-24.png
feed_4  finished sending 14 frames
[Infer] Class 078 | BEEF JERKY | Confidence: 1.000
[Infer] Class 027 | Morton Salt, Iodized | Confidence: 1.000
[Infer] Class 056 | Propel Fitness Water | Confidence: 1.000
[Infer] Class 041 | FORMULA 409 | Confidence: 1.000
[Infer] Class 118 | Ben & Jerry's Ice Cream World's Best Vanilla | Confidence: 0.995
[Infer] Class 107 | Mini Chips Ahoy! | Confidence: 1.000
[Infer] Class 003 | Gardetto's Original Recipe | Confidence: 1.000
[Infer] Class 027 | Morton Salt, Iodized | Confidence: 1.000
[Infer] Class 012 | Snickers | Confidence: 1.000
[Infer] Class 063 | NYQUIL LQCAPS PSE FREE 12 CT | Confidence: 0.998
[Infer] Class 095 | GM HNY NUT CHEERIOS CEREAL CUP | Confidence: 1.000
[Infer] Class 041 | FORMULA 409 | Confidence: 1.000
[Infer] Class 095 | GM HNY NUT CHEERIOS CEREAL CUP | Confidence: 1.000
[Infer] Class 107 | Mini Chips Ahoy! | Confidence: 1.000
[Infer] Class 118 | Ben & Jerry's Ice Cream World's Best Vanilla | Confidence: 1.000
[Infer] Class 078 | BEEF JERKY | Confidence: 1.000
[Infer] Class 063 | NYQUIL LQCAPS PSE FREE 12 CT | Confidence: 1.000
[Infer] Class 056 | Propel Fitness Water | Confidence: 1.000
[Infer] Class 107 | Mini Chips Ahoy! | Confidence: 1.000
[Infer] Class 027 | Morton Salt, Iodized | Confidence: 1.000
[Infer] Class 063 | NYQUIL LQCAPS PSE FREE 12 CT | Confidence: 1.000
[Infer] Class 056 | Propel Fitness Water | Confidence: 1.000
[Infer] Class 118 | Ben & Jerry's Ice Cream World's Best Vanilla | Confidence: 1.000
[Infer] Class 041 | FORMULA 409 | Confidence: 1.000
[Infer] Class 003 | Gardetto's Original Recipe | Confidence: 1.000
[Infer] Class 027 | Morton Salt, Iodized | Confidence: 1.000
[Infer] Class 118 | Ben & Jerry's Ice Cream World's Best Vanilla | Confidence: 1.000
[Infer] Class 003 | Gardetto's Original Recipe | Confidence: 0.999
[Infer] Class 012 | Snickers | Confidence: 1.000
[Infer] Class 078 | BEEF JERKY | Confidence: 0.999
[Infer] Class 095 | GM HNY NUT CHEERIOS CEREAL CUP | Confidence: 1.000
[Infer] Class 063 | NYQUIL LQCAPS PSE FREE 12 CT | Confidence: 0.999
[Infer] Class 012 | Snickers | Confidence: 0.999
[Infer] Class 041 | FORMULA 409 | Confidence: 0.998
[Infer] Class 095 | GM HNY NUT CHEERIOS CEREAL CUP | Confidence: 1.000
[Infer] Class 056 | Propel Fitness Water | Confidence: 1.000
[Infer] Class 056 | Propel Fitness Water | Confidence: 1.000
[Infer] Class 012 | Snickers | Confidence: 1.000
[Infer] Class 041 | FORMULA 409 | Confidence: 1.000
[Infer] Class 107 | Mini Chips Ahoy! | Confidence: 1.000
[Infer] Class 118 | Ben & Jerry's Ice Cream World's Best Vanilla | Confidence: 1.000
[Infer] Class 027 | Morton Salt, Iodized | Confidence: 1.000
[Infer] Class 063 | NYQUIL LQCAPS PSE FREE 12 CT | Confidence: 1.000
[Infer] Class 003 | Gardetto's Original Recipe | Confidence: 1.000
[Infer] Class 118 | Ben & Jerry's Ice Cream World's Best Vanilla | Confidence: 1.000
[Infer] Class 003 | Gardetto's Original Recipe | Confidence: 1.000
[Infer] Class 041 | FORMULA 409 | Confidence: 1.000
[Infer] Class 095 | GM HNY NUT CHEERIOS CEREAL CUP | Confidence: 1.000
[Infer] Class 012 | Snickers | Confidence: 1.000
[Infer] Class 056 | Propel Fitness Water | Confidence: 1.000
[Infer] Class 063 | NYQUIL LQCAPS PSE FREE 12 CT | Confidence: 0.998
[Infer] Class 078 | BEEF JERKY | Confidence: 0.999
[Infer] Class 107 | Mini Chips Ahoy! | Confidence: 1.000
[Infer] Class 078 | BEEF JERKY | Confidence: 1.000
[Infer] Class 027 | Morton Salt, Iodized | Confidence: 1.000
[Infer] Class 095 | GM HNY NUT CHEERIOS CEREAL CUP | Confidence: 1.000
[Infer] Class 041 | FORMULA 409 | Confidence: 0.999
[Infer] Class 118 | Ben & Jerry's Ice Cream World's Best Vanilla | Confidence: 1.000
[Infer] Class 041 | FORMULA 409 | Confidence: 1.000
[Infer] Class 056 | Propel Fitness Water | Confidence: 1.000
[Infer] Class 063 | NYQUIL LQCAPS PSE FREE 12 CT | Confidence: 0.999
[Infer] Class 003 | Gardetto's Original Recipe | Confidence: 1.000
[Infer] Class 012 | Snickers | Confidence: 1.000
[Infer] Class 107 | Mini Chips Ahoy! | Confidence: 1.000
[Infer] Class 003 | Gardetto's Original Recipe | Confidence: 1.000
[Infer] Class 056 | Propel Fitness Water | Confidence: 1.000
[Infer] Class 078 | BEEF JERKY | Confidence: 1.000
[Infer] Class 118 | Ben & Jerry's Ice Cream World's Best Vanilla | Confidence: 0.999
[Infer] Class 095 | GM HNY NUT CHEERIOS CEREAL CUP | Confidence: 1.000
[Infer] Class 063 | NYQUIL LQCAPS PSE FREE 12 CT | Confidence: 1.000
[Infer] Class 027 | Morton Salt, Iodized | Confidence: 1.000
[Infer] Class 003 | Gardetto's Original Recipe | Confidence: 1.000
[Infer] Class 041 | FORMULA 409 | Confidence: 1.000
[Infer] Class 027 | Morton Salt, Iodized | Confidence: 1.000
[Infer] Class 063 | NYQUIL LQCAPS PSE FREE 12 CT | Confidence: 1.000
[Infer] Class 012 | Snickers | Confidence: 1.000
[Infer] Class 107 | Mini Chips Ahoy! | Confidence: 1.000
[Infer] Class 078 | BEEF JERKY | Confidence: 1.000
[Infer] Class 078 | BEEF JERKY | Confidence: 0.999
[Infer] Class 107 | Mini Chips Ahoy! | Confidence: 1.000
[Infer] Class 095 | GM HNY NUT CHEERIOS CEREAL CUP | Confidence: 1.000
[Infer] Class 095 | GM HNY NUT CHEERIOS CEREAL CUP | Confidence: 0.999
[Infer] Class 003 | Gardetto's Original Recipe | Confidence: 1.000
[Infer] Class 012 | Snickers | Confidence: 1.000
[Infer] Class 056 | Propel Fitness Water | Confidence: 1.000
[Infer] Class 118 | Ben & Jerry's Ice Cream World's Best Vanilla | Confidence: 0.999
[Infer] Class 012 | Snickers | Confidence: 0.998
[Infer] Class 118 | Ben & Jerry's Ice Cream World's Best Vanilla | Confidence: 0.946
[Infer] Class 027 | Morton Salt, Iodized | Confidence: 1.000
[Infer] Class 063 | NYQUIL LQCAPS PSE FREE 12 CT | Confidence: 1.000
[Infer] Class 027 | Morton Salt, Iodized | Confidence: 1.000
[Infer] Class 078 | BEEF JERKY | Confidence: 1.000
[Infer] Class 095 | GM HNY NUT CHEERIOS CEREAL CUP | Confidence: 1.000
[Infer] Class 056 | Propel Fitness Water | Confidence: 0.999
[Infer] Class 118 | Ben & Jerry's Ice Cream World's Best Vanilla | Confidence: 1.000
[Infer] Class 012 | Snickers | Confidence: 1.000
[Infer] Class 107 | Mini Chips Ahoy! | Confidence: 1.000
[Infer] Class 003 | Gardetto's Original Recipe | Confidence: 0.999
[Infer] Class 063 | NYQUIL LQCAPS PSE FREE 12 CT | Confidence: 1.000
[Infer] Class 063 | NYQUIL LQCAPS PSE FREE 12 CT | Confidence: 0.998
[Infer] Class 107 | Mini Chips Ahoy! | Confidence: 1.000
[Infer] Class 078 | BEEF JERKY | Confidence: 1.000
[Infer] Class 095 | GM HNY NUT CHEERIOS CEREAL CUP | Confidence: 1.000
[Infer] Class 118 | Ben & Jerry's Ice Cream World's Best Vanilla | Confidence: 1.000
[Infer] Class 003 | Gardetto's Original Recipe | Confidence: 1.000
[Infer] Class 012 | Snickers | Confidence: 0.999
[Infer] Class 027 | Morton Salt, Iodized | Confidence: 1.000
[Infer] Class 056 | Propel Fitness Water | Confidence: 1.000
[Infer] Class 078 | BEEF JERKY | Confidence: 1.000
[Infer] Class 063 | NYQUIL LQCAPS PSE FREE 12 CT | Confidence: 1.000
[Infer] Class 095 | GM HNY NUT CHEERIOS CEREAL CUP | Confidence: 1.000
[Infer] Class 107 | Mini Chips Ahoy! | Confidence: 1.000
[Infer] Class 012 | Snickers | Confidence: 1.000
[Infer] Class 027 | Morton Salt, Iodized | Confidence: 1.000
[Infer] Class 063 | NYQUIL LQCAPS PSE FREE 12 CT | Confidence: 1.000
[Infer] Class 056 | Propel Fitness Water | Confidence: 1.000
[Infer] Class 003 | Gardetto's Original Recipe | Confidence: 1.000
[Infer] Class 095 | GM HNY NUT CHEERIOS CEREAL CUP | Confidence: 1.000
[Infer] Class 012 | Snickers | Confidence: 0.999
[Infer] Class 078 | BEEF JERKY | Confidence: 1.000
[Infer] Class 118 | Ben & Jerry's Ice Cream World's Best Vanilla | Confidence: 0.998
[Infer] Class 118 | Ben & Jerry's Ice Cream World's Best Vanilla | Confidence: 1.000
[Infer] Class 063 | NYQUIL LQCAPS PSE FREE 12 CT | Confidence: 0.997
[Infer] Class 003 | Gardetto's Original Recipe | Confidence: 1.000
[Infer] Class 027 | Morton Salt, Iodized | Confidence: 1.000
[Infer] Class 107 | Mini Chips Ahoy! | Confidence: 1.000
[Infer] Class 118 | Ben & Jerry's Ice Cream World's Best Vanilla | Confidence: 1.000
[Infer] Class 063 | NYQUIL LQCAPS PSE FREE 12 CT | Confidence: 1.000
[Infer] Class 078 | BEEF JERKY | Confidence: 0.998
feed_3  starting stream with  35  frames
feed_3 | video2.png : feed_3_2025-12-02T21-10-16.png
feed_3 | video28.png : feed_3_2025-12-02T21-10-17.png
feed_3 | video31.png : feed_3_2025-12-02T21-10-18.png
feed_3 | video24.png : feed_3_2025-12-02T21-10-19.png
feed_3 | video23.png : feed_3_2025-12-02T21-10-19.png
feed_3 | video11.png : feed_3_2025-12-02T21-10-20.png
feed_3 | video33.png : feed_3_2025-12-02T21-10-20.png
feed_3 | video25.png : feed_3_2025-12-02T21-10-22.png
feed_3 | video3.png : feed_3_2025-12-02T21-10-23.png
feed_3 | video14.png : feed_3_2025-12-02T21-10-24.png
feed_3 | video29.png : feed_3_2025-12-02T21-10-25.png
feed_3 | video21.png : feed_3_2025-12-02T21-10-25.png
feed_3 | video15.png : feed_3_2025-12-02T21-10-26.png
feed_3 | video7.png : feed_3_2025-12-02T21-10-26.png
feed_3 | video1.png : feed_3_2025-12-02T21-10-28.png
feed_3 | video19.png : feed_3_2025-12-02T21-10-28.png
feed_3 | video20.png : feed_3_2025-12-02T21-10-29.png
feed_3 | video17.png : feed_3_2025-12-02T21-10-30.png
feed_3 | video18.png : feed_3_2025-12-02T21-10-30.png
feed_3 | video9.png : feed_3_2025-12-02T21-10-31.png
feed_3 | video10.png : feed_3_2025-12-02T21-10-32.png
feed_3 | video16.png : feed_3_2025-12-02T21-10-33.png
feed_3 | video22.png : feed_3_2025-12-02T21-10-34.png
feed_3 | video13.png : feed_3_2025-12-02T21-10-34.png
feed_3 | video5.png : feed_3_2025-12-02T21-10-35.png
feed_3 | video35.png : feed_3_2025-12-02T21-10-35.png
feed_3 | video4.png : feed_3_2025-12-02T21-10-36.png
feed_3 | video34.png : feed_3_2025-12-02T21-10-37.png
feed_3 | video32.png : feed_3_2025-12-02T21-10-37.png
feed_3 | video8.png : feed_3_2025-12-02T21-10-38.png
feed_3 | video6.png : feed_3_2025-12-02T21-10-38.png
feed_3 | video27.png : feed_3_2025-12-02T21-10-40.png
feed_3 | video30.png : feed_3_2025-12-02T21-10-40.png
feed_3 | video12.png : feed_3_2025-12-02T21-10-41.png
feed_3 | video26.png : feed_3_2025-12-02T21-10-41.png
feed_3  finished sending 35 frames
feed_2  starting stream with  120  frames
feed_2 | video51.png : feed_2_2025-12-02T21-10-16.png
feed_2 | video7.png : feed_2_2025-12-02T21-10-16.png
feed_2 | video84.png : feed_2_2025-12-02T21-10-18.png
feed_2 | video29.png : feed_2_2025-12-02T21-10-18.png
feed_2 | video99.png : feed_2_2025-12-02T21-10-19.png
feed_2 | video1.png : feed_2_2025-12-02T21-10-19.png
feed_2 | video70.png : feed_2_2025-12-02T21-10-20.png
feed_2 | video102.png : feed_2_2025-12-02T21-10-20.png
feed_2 | video71.png : feed_2_2025-12-02T21-10-21.png
feed_2 | video3.png : feed_2_2025-12-02T21-10-22.png
feed_2 | video21.png : feed_2_2025-12-02T21-10-23.png
feed_2 | video31.png : feed_2_2025-12-02T21-10-23.png
feed_2 | video54.png : feed_2_2025-12-02T21-10-24.png
feed_2 | video19.png : feed_2_2025-12-02T21-10-25.png
feed_2 | video97.png : feed_2_2025-12-02T21-10-26.png
feed_2 | video65.png : feed_2_2025-12-02T21-10-27.png
feed_2 | video69.png : feed_2_2025-12-02T21-10-27.png
feed_2 | video66.png : feed_2_2025-12-02T21-10-28.png
feed_2 | video23.png : feed_2_2025-12-02T21-10-28.png
feed_2 | video86.png : feed_2_2025-12-02T21-10-29.png
feed_2 | video83.png : feed_2_2025-12-02T21-10-30.png
feed_2 | video88.png : feed_2_2025-12-02T21-10-31.png
feed_2 | video50.png : feed_2_2025-12-02T21-10-31.png
feed_2 | video47.png : feed_2_2025-12-02T21-10-32.png
feed_2 | video33.png : feed_2_2025-12-02T21-10-33.png
feed_2 | video45.png : feed_2_2025-12-02T21-10-35.png
feed_2 | video120.png : feed_2_2025-12-02T21-10-35.png
feed_2 | video67.png : feed_2_2025-12-02T21-10-36.png
feed_2 | video61.png : feed_2_2025-12-02T21-10-36.png
feed_2 | video80.png : feed_2_2025-12-02T21-10-37.png
feed_2 | video49.png : feed_2_2025-12-02T21-10-38.png
feed_2 | video68.png : feed_2_2025-12-02T21-10-39.png
feed_2 | video107.png : feed_2_2025-12-02T21-10-40.png
feed_2 | video110.png : feed_2_2025-12-02T21-10-40.png
feed_2 | video55.png : feed_2_2025-12-02T21-10-41.png
feed_2 | video59.png : feed_2_2025-12-02T21-10-41.png
feed_2 | video109.png : feed_2_2025-12-02T21-10-42.png
feed_2 | video98.png : feed_2_2025-12-02T21-10-42.png
feed_2 | video16.png : feed_2_2025-12-02T21-10-43.png
feed_2 | video4.png : feed_2_2025-12-02T21-10-43.png
feed_2  finished sending 40 frames
feed_10  starting stream with  62  frames
feed_10 | video3.png : feed_10_2025-12-02T21-10-16.png
feed_10 | video1.png : feed_10_2025-12-02T21-10-16.png
feed_10 | video17.png : feed_10_2025-12-02T21-10-17.png
feed_10 | video45.png : feed_10_2025-12-02T21-10-18.png
feed_10 | video60.png : feed_10_2025-12-02T21-10-19.png
feed_10 | video43.png : feed_10_2025-12-02T21-10-20.png
feed_10 | video14.png : feed_10_2025-12-02T21-10-21.png
feed_10 | video33.png : feed_10_2025-12-02T21-10-21.png
feed_10 | video53.png : feed_10_2025-12-02T21-10-22.png
feed_10 | video7.png : feed_10_2025-12-02T21-10-23.png
feed_10 | video5.png : feed_10_2025-12-02T21-10-24.png
feed_10 | video41.png : feed_10_2025-12-02T21-10-25.png
feed_10 | video11.png : feed_10_2025-12-02T21-10-25.png
feed_10 | video61.png : feed_10_2025-12-02T21-10-26.png
feed_10 | video6.png : feed_10_2025-12-02T21-10-27.png
feed_10 | video2.png : feed_10_2025-12-02T21-10-27.png
feed_10 | video40.png : feed_10_2025-12-02T21-10-28.png
feed_10 | video18.png : feed_10_2025-12-02T21-10-29.png
feed_10 | video52.png : feed_10_2025-12-02T21-10-30.png
feed_10 | video16.png : feed_10_2025-12-02T21-10-30.png
feed_10 | video44.png : feed_10_2025-12-02T21-10-31.png
feed_10 | video8.png : feed_10_2025-12-02T21-10-31.png
feed_10 | video20.png : feed_10_2025-12-02T21-10-32.png
feed_10 | video50.png : feed_10_2025-12-02T21-10-32.png
feed_10 | video31.png : feed_10_2025-12-02T21-10-33.png
feed_10 | video24.png : feed_10_2025-12-02T21-10-34.png
feed_10 | video49.png : feed_10_2025-12-02T21-10-35.png
feed_10 | video30.png : feed_10_2025-12-02T21-10-36.png
feed_10 | video34.png : feed_10_2025-12-02T21-10-36.png
feed_10 | video58.png : feed_10_2025-12-02T21-10-37.png
feed_10 | video10.png : feed_10_2025-12-02T21-10-38.png
feed_10 | video32.png : feed_10_2025-12-02T21-10-38.png
feed_10 | video19.png : feed_10_2025-12-02T21-10-40.png
feed_10 | video51.png : feed_10_2025-12-02T21-10-40.png
feed_10 | video12.png : feed_10_2025-12-02T21-10-41.png
feed_10 | video28.png : feed_10_2025-12-02T21-10-41.png
feed_10 | video48.png : feed_10_2025-12-02T21-10-42.png
feed_10 | video36.png : feed_10_2025-12-02T21-10-43.png
feed_10 | video46.png : feed_10_2025-12-02T21-10-44.png
feed_10 | video37.png : feed_10_2025-12-02T21-10-45.png
feed_10  finished sending 40 frames
feed_8  starting stream with  145  frames
feed_8 | video143.png : feed_8_2025-12-02T21-10-16.png
feed_8 | video85.png : feed_8_2025-12-02T21-10-16.png
feed_8 | video114.png : feed_8_2025-12-02T21-10-18.png
feed_8 | video139.png : feed_8_2025-12-02T21-10-19.png
feed_8 | video46.png : feed_8_2025-12-02T21-10-19.png
feed_8 | video102.png : feed_8_2025-12-02T21-10-20.png
feed_8 | video116.png : feed_8_2025-12-02T21-10-21.png
feed_8 | video142.png : feed_8_2025-12-02T21-10-21.png
feed_8 | video101.png : feed_8_2025-12-02T21-10-22.png
feed_8 | video27.png : feed_8_2025-12-02T21-10-22.png
feed_8 | video105.png : feed_8_2025-12-02T21-10-23.png
feed_8 | video93.png : feed_8_2025-12-02T21-10-24.png
feed_8 | video26.png : feed_8_2025-12-02T21-10-24.png
feed_8 | video72.png : feed_8_2025-12-02T21-10-25.png
feed_8 | video82.png : feed_8_2025-12-02T21-10-26.png
feed_8 | video62.png : feed_8_2025-12-02T21-10-27.png
feed_8 | video106.png : feed_8_2025-12-02T21-10-27.png
feed_8 | video47.png : feed_8_2025-12-02T21-10-28.png
feed_8 | video145.png : feed_8_2025-12-02T21-10-28.png
feed_8 | video126.png : feed_8_2025-12-02T21-10-29.png
feed_8 | video67.png : feed_8_2025-12-02T21-10-29.png
feed_8 | video98.png : feed_8_2025-12-02T21-10-30.png
feed_8 | video77.png : feed_8_2025-12-02T21-10-30.png
feed_8 | video37.png : feed_8_2025-12-02T21-10-32.png
feed_8 | video69.png : feed_8_2025-12-02T21-10-33.png
feed_8 | video56.png : feed_8_2025-12-02T21-10-34.png
feed_8 | video75.png : feed_8_2025-12-02T21-10-35.png
feed_8 | video15.png : feed_8_2025-12-02T21-10-35.png
feed_8 | video31.png : feed_8_2025-12-02T21-10-36.png
feed_8 | video3.png : feed_8_2025-12-02T21-10-36.png
feed_8 | video112.png : feed_8_2025-12-02T21-10-38.png
feed_8 | video115.png : feed_8_2025-12-02T21-10-38.png
feed_8 | video97.png : feed_8_2025-12-02T21-10-39.png
feed_8 | video57.png : feed_8_2025-12-02T21-10-40.png
feed_8 | video11.png : feed_8_2025-12-02T21-10-42.png
feed_8 | video21.png : feed_8_2025-12-02T21-10-42.png
feed_8 | video113.png : feed_8_2025-12-02T21-10-44.png
feed_8 | video73.png : feed_8_2025-12-02T21-10-44.png
feed_8 | video49.png : feed_8_2025-12-02T21-10-45.png
feed_8 | video45.png : feed_8_2025-12-02T21-10-45.png
feed_8  finished sending 40 frames
feed_9  starting stream with  74  frames
feed_9 | video18.png : feed_9_2025-12-02T21-10-16.png
feed_9 | video52.png : feed_9_2025-12-02T21-10-16.png
feed_9 | video8.png : feed_9_2025-12-02T21-10-17.png
feed_9 | video65.png : feed_9_2025-12-02T21-10-19.png
feed_9 | video50.png : feed_9_2025-12-02T21-10-20.png
feed_9 | video35.png : feed_9_2025-12-02T21-10-21.png
feed_9 | video31.png : feed_9_2025-12-02T21-10-21.png
feed_9 | video69.png : feed_9_2025-12-02T21-10-22.png
feed_9 | video20.png : feed_9_2025-12-02T21-10-22.png
feed_9 | video24.png : feed_9_2025-12-02T21-10-23.png
feed_9 | video9.png : feed_9_2025-12-02T21-10-24.png
feed_9 | video1.png : feed_9_2025-12-02T21-10-24.png
feed_9 | video43.png : feed_9_2025-12-02T21-10-26.png
feed_9 | video74.png : feed_9_2025-12-02T21-10-26.png
feed_9 | video5.png : feed_9_2025-12-02T21-10-27.png
feed_9 | video32.png : feed_9_2025-12-02T21-10-28.png
feed_9 | video27.png : feed_9_2025-12-02T21-10-30.png
feed_9 | video36.png : feed_9_2025-12-02T21-10-31.png
feed_9 | video59.png : feed_9_2025-12-02T21-10-32.png
feed_9 | video54.png : feed_9_2025-12-02T21-10-32.png
feed_9 | video21.png : feed_9_2025-12-02T21-10-33.png
feed_9 | video68.png : feed_9_2025-12-02T21-10-33.png
feed_9 | video57.png : feed_9_2025-12-02T21-10-34.png
feed_9 | video19.png : feed_9_2025-12-02T21-10-35.png
feed_9 | video66.png : feed_9_2025-12-02T21-10-36.png
feed_9 | video13.png : feed_9_2025-12-02T21-10-37.png
feed_9 | video29.png : feed_9_2025-12-02T21-10-37.png
feed_9 | video12.png : feed_9_2025-12-02T21-10-38.png
feed_9 | video14.png : feed_9_2025-12-02T21-10-38.png
feed_9 | video39.png : feed_9_2025-12-02T21-10-39.png
feed_9 | video11.png : feed_9_2025-12-02T21-10-39.png
feed_9 | video37.png : feed_9_2025-12-02T21-10-41.png
feed_9 | video25.png : feed_9_2025-12-02T21-10-41.png
feed_9 | video58.png : feed_9_2025-12-02T21-10-42.png
feed_9 | video70.png : feed_9_2025-12-02T21-10-42.png
feed_9 | video72.png : feed_9_2025-12-02T21-10-43.png
feed_9 | video42.png : feed_9_2025-12-02T21-10-44.png
feed_9 | video16.png : feed_9_2025-12-02T21-10-44.png
feed_9 | video6.png : feed_9_2025-12-02T21-10-45.png
feed_9 | video71.png : feed_9_2025-12-02T21-10-45.png
feed_9  finished sending 40 frames
feed_7  starting stream with  203  frames
feed_7 | video13.png : feed_7_2025-12-02T21-10-16.png
feed_7 | video191.png : feed_7_2025-12-02T21-10-16.png
feed_7 | video121.png : feed_7_2025-12-02T21-10-18.png
feed_7 | video64.png : feed_7_2025-12-02T21-10-19.png
feed_7 | video183.png : feed_7_2025-12-02T21-10-20.png
feed_7 | video77.png : feed_7_2025-12-02T21-10-21.png
feed_7 | video130.png : feed_7_2025-12-02T21-10-21.png
feed_7 | video202.png : feed_7_2025-12-02T21-10-23.png
feed_7 | video157.png : feed_7_2025-12-02T21-10-24.png
feed_7 | video1.png : feed_7_2025-12-02T21-10-24.png
feed_7 | video11.png : feed_7_2025-12-02T21-10-25.png
feed_7 | video197.png : feed_7_2025-12-02T21-10-25.png
feed_7 | video173.png : feed_7_2025-12-02T21-10-26.png
feed_7 | video88.png : feed_7_2025-12-02T21-10-26.png
feed_7 | video176.png : feed_7_2025-12-02T21-10-27.png
feed_7 | video69.png : feed_7_2025-12-02T21-10-28.png
feed_7 | video61.png : feed_7_2025-12-02T21-10-29.png
feed_7 | video31.png : feed_7_2025-12-02T21-10-29.png
feed_7 | video196.png : feed_7_2025-12-02T21-10-30.png
feed_7 | video103.png : feed_7_2025-12-02T21-10-31.png
feed_7 | video5.png : feed_7_2025-12-02T21-10-33.png
feed_7 | video19.png : feed_7_2025-12-02T21-10-33.png
feed_7 | video116.png : feed_7_2025-12-02T21-10-34.png
feed_7 | video80.png : feed_7_2025-12-02T21-10-34.png
feed_7 | video98.png : feed_7_2025-12-02T21-10-35.png
feed_7 | video192.png : feed_7_2025-12-02T21-10-36.png
feed_7 | video153.png : feed_7_2025-12-02T21-10-37.png
feed_7 | video186.png : feed_7_2025-12-02T21-10-38.png
feed_7 | video15.png : feed_7_2025-12-02T21-10-39.png
feed_7 | video48.png : feed_7_2025-12-02T21-10-40.png
feed_7 | video89.png : feed_7_2025-12-02T21-10-41.png
feed_7 | video32.png : feed_7_2025-12-02T21-10-41.png
feed_7 | video65.png : feed_7_2025-12-02T21-10-42.png
feed_7 | video42.png : feed_7_2025-12-02T21-10-43.png
feed_7 | video2.png : feed_7_2025-12-02T21-10-44.png
feed_7 | video7.png : feed_7_2025-12-02T21-10-44.png
feed_7 | video123.png : feed_7_2025-12-02T21-10-45.png
feed_7 | video45.png : feed_7_2025-12-02T21-10-45.png
feed_7 | video49.png : feed_7_2025-12-02T21-10-46.png
feed_7 | video120.png : feed_7_2025-12-02T21-10-46.png
feed_7  finished sending 40 frames
feed_6  starting stream with  56  frames
feed_6 | video33.png : feed_6_2025-12-02T21-10-16.png
feed_6 | video45.png : feed_6_2025-12-02T21-10-17.png
feed_6 | video42.png : feed_6_2025-12-02T21-10-18.png
feed_6 | video39.png : feed_6_2025-12-02T21-10-19.png
feed_6 | video52.png : feed_6_2025-12-02T21-10-20.png
feed_6 | video22.png : feed_6_2025-12-02T21-10-20.png
feed_6 | video5.png : feed_6_2025-12-02T21-10-21.png
feed_6 | video3.png : feed_6_2025-12-02T21-10-21.png
feed_6 | video20.png : feed_6_2025-12-02T21-10-22.png
feed_6 | video55.png : feed_6_2025-12-02T21-10-23.png
feed_6 | video1.png : feed_6_2025-12-02T21-10-23.png
feed_6 | video56.png : feed_6_2025-12-02T21-10-24.png
feed_6 | video2.png : feed_6_2025-12-02T21-10-24.png
feed_6 | video28.png : feed_6_2025-12-02T21-10-25.png
feed_6 | video11.png : feed_6_2025-12-02T21-10-26.png
feed_6 | video27.png : feed_6_2025-12-02T21-10-27.png
feed_6 | video21.png : feed_6_2025-12-02T21-10-27.png
feed_6 | video6.png : feed_6_2025-12-02T21-10-28.png
feed_6 | video34.png : feed_6_2025-12-02T21-10-29.png
feed_6 | video54.png : feed_6_2025-12-02T21-10-30.png
feed_6 | video19.png : feed_6_2025-12-02T21-10-31.png
feed_6 | video10.png : feed_6_2025-12-02T21-10-31.png
feed_6 | video25.png : feed_6_2025-12-02T21-10-32.png
feed_6 | video4.png : feed_6_2025-12-02T21-10-33.png
feed_6 | video29.png : feed_6_2025-12-02T21-10-34.png
feed_6 | video7.png : feed_6_2025-12-02T21-10-35.png
feed_6 | video16.png : feed_6_2025-12-02T21-10-35.png
feed_6 | video9.png : feed_6_2025-12-02T21-10-36.png
feed_6 | video41.png : feed_6_2025-12-02T21-10-37.png
feed_6 | video35.png : feed_6_2025-12-02T21-10-37.png
feed_6 | video44.png : feed_6_2025-12-02T21-10-38.png
feed_6 | video38.png : feed_6_2025-12-02T21-10-39.png
feed_6 | video12.png : feed_6_2025-12-02T21-10-39.png
feed_6 | video32.png : feed_6_2025-12-02T21-10-41.png
feed_6 | video30.png : feed_6_2025-12-02T21-10-42.png
feed_6 | video43.png : feed_6_2025-12-02T21-10-42.png
feed_6 | video8.png : feed_6_2025-12-02T21-10-43.png
feed_6 | video23.png : feed_6_2025-12-02T21-10-45.png
feed_6 | video26.png : feed_6_2025-12-02T21-10-46.png
feed_6 | video24.png : feed_6_2025-12-02T21-10-46.png
feed_6  finished sending 40 frames
feed_5  starting stream with  76  frames
feed_5 | video62.png : feed_5_2025-12-02T21-10-16.png
feed_5 | video74.png : feed_5_2025-12-02T21-10-17.png
feed_5 | video55.png : feed_5_2025-12-02T21-10-18.png
feed_5 | video18.png : feed_5_2025-12-02T21-10-18.png
feed_5 | video19.png : feed_5_2025-12-02T21-10-19.png
feed_5 | video36.png : feed_5_2025-12-02T21-10-20.png
feed_5 | video68.png : feed_5_2025-12-02T21-10-21.png
feed_5 | video65.png : feed_5_2025-12-02T21-10-21.png
feed_5 | video48.png : feed_5_2025-12-02T21-10-22.png
feed_5 | video52.png : feed_5_2025-12-02T21-10-23.png
feed_5 | video12.png : feed_5_2025-12-02T21-10-24.png
feed_5 | video9.png : feed_5_2025-12-02T21-10-26.png
feed_5 | video2.png : feed_5_2025-12-02T21-10-26.png
feed_5 | video23.png : feed_5_2025-12-02T21-10-27.png
feed_5 | video39.png : feed_5_2025-12-02T21-10-29.png
feed_5 | video35.png : feed_5_2025-12-02T21-10-30.png
feed_5 | video11.png : feed_5_2025-12-02T21-10-30.png
feed_5 | video32.png : feed_5_2025-12-02T21-10-31.png
feed_5 | video76.png : feed_5_2025-12-02T21-10-32.png
feed_5 | video8.png : feed_5_2025-12-02T21-10-32.png
feed_5 | video3.png : feed_5_2025-12-02T21-10-33.png
feed_5 | video10.png : feed_5_2025-12-02T21-10-34.png
feed_5 | video47.png : feed_5_2025-12-02T21-10-34.png
feed_5 | video72.png : feed_5_2025-12-02T21-10-35.png
feed_5 | video71.png : feed_5_2025-12-02T21-10-35.png
feed_5 | video24.png : feed_5_2025-12-02T21-10-37.png
feed_5 | video30.png : feed_5_2025-12-02T21-10-37.png
feed_5 | video1.png : feed_5_2025-12-02T21-10-38.png
feed_5 | video33.png : feed_5_2025-12-02T21-10-38.png
feed_5 | video6.png : feed_5_2025-12-02T21-10-39.png
feed_5 | video58.png : feed_5_2025-12-02T21-10-40.png
feed_5 | video69.png : feed_5_2025-12-02T21-10-41.png
feed_5 | video15.png : feed_5_2025-12-02T21-10-42.png
feed_5 | video63.png : feed_5_2025-12-02T21-10-42.png
feed_5 | video60.png : feed_5_2025-12-02T21-10-43.png
feed_5 | video29.png : feed_5_2025-12-02T21-10-44.png
feed_5 | video66.png : feed_5_2025-12-02T21-10-45.png
feed_5 | video70.png : feed_5_2025-12-02T21-10-46.png
feed_5 | video64.png : feed_5_2025-12-02T21-10-47.png
feed_5 | video28.png : feed_5_2025-12-02T21-10-47.png
feed_5  finished sending 40 frames
feed_1  starting stream with  83  frames
feed_1 | video59.png : feed_1_2025-12-02T21-10-16.png
feed_1 | video62.png : feed_1_2025-12-02T21-10-17.png
feed_1 | video60.png : feed_1_2025-12-02T21-10-19.png
feed_1 | video35.png : feed_1_2025-12-02T21-10-20.png
feed_1 | video38.png : feed_1_2025-12-02T21-10-20.png
feed_1 | video26.png : feed_1_2025-12-02T21-10-21.png
feed_1 | video82.png : feed_1_2025-12-02T21-10-21.png
feed_1 | video75.png : feed_1_2025-12-02T21-10-22.png
feed_1 | video47.png : feed_1_2025-12-02T21-10-23.png
feed_1 | video28.png : feed_1_2025-12-02T21-10-24.png
feed_1 | video80.png : feed_1_2025-12-02T21-10-24.png
feed_1 | video70.png : feed_1_2025-12-02T21-10-25.png
feed_1 | video65.png : feed_1_2025-12-02T21-10-26.png
feed_1 | video68.png : feed_1_2025-12-02T21-10-27.png
feed_1 | video73.png : feed_1_2025-12-02T21-10-27.png
feed_1 | video40.png : feed_1_2025-12-02T21-10-29.png
feed_1 | video32.png : feed_1_2025-12-02T21-10-30.png
feed_1 | video67.png : feed_1_2025-12-02T21-10-31.png
feed_1 | video23.png : feed_1_2025-12-02T21-10-31.png
feed_1 | video4.png : feed_1_2025-12-02T21-10-32.png
feed_1 | video10.png : feed_1_2025-12-02T21-10-33.png
feed_1 | video76.png : feed_1_2025-12-02T21-10-33.png
feed_1 | video71.png : feed_1_2025-12-02T21-10-34.png
feed_1 | video8.png : feed_1_2025-12-02T21-10-35.png
feed_1 | video11.png : feed_1_2025-12-02T21-10-36.png
feed_1 | video33.png : feed_1_2025-12-02T21-10-37.png
feed_1 | video34.png : feed_1_2025-12-02T21-10-37.png
feed_1 | video22.png : feed_1_2025-12-02T21-10-38.png
feed_1 | video77.png : feed_1_2025-12-02T21-10-39.png
feed_1 | video41.png : feed_1_2025-12-02T21-10-39.png
feed_1 | video57.png : feed_1_2025-12-02T21-10-40.png
feed_1 | video44.png : feed_1_2025-12-02T21-10-41.png
feed_1 | video72.png : feed_1_2025-12-02T21-10-42.png
feed_1 | video24.png : feed_1_2025-12-02T21-10-43.png
feed_1 | video27.png : feed_1_2025-12-02T21-10-43.png
feed_1 | video17.png : feed_1_2025-12-02T21-10-45.png
feed_1 | video16.png : feed_1_2025-12-02T21-10-46.png
feed_1 | video19.png : feed_1_2025-12-02T21-10-47.png
feed_1 | video54.png : feed_1_2025-12-02T21-10-48.png
feed_1 | video61.png : feed_1_2025-12-02T21-10-48.png
feed_1  finished sending 40 frames
