cleaned 254 files from stream_input
removed old log file
created new log:  feed_log.csv
Loaded 120 products
Using CUDA
[Watcher] Watching folder: stream_input
feed_4  starting stream with  14  frames
feed_4 | video10.png : feed_4_2025-12-02T21-11-10.png
feed_4 | video1.png : feed_4_2025-12-02T21-11-10.png
feed_4 | video5.png : feed_4_2025-12-02T21-11-11.png
feed_4 | video6.png : feed_4_2025-12-02T21-11-11.png
feed_4 | video2.png : feed_4_2025-12-02T21-11-12.png
feed_4 | video9.png : feed_4_2025-12-02T21-11-13.png
feed_4 | video8.png : feed_4_2025-12-02T21-11-13.png
feed_4 | video13.png : feed_4_2025-12-02T21-11-15.png
feed_4 | video14.png : feed_4_2025-12-02T21-11-16.png
feed_4 | video11.png : feed_4_2025-12-02T21-11-16.png
feed_4 | video3.png : feed_4_2025-12-02T21-11-17.png
feed_4 | video7.png : feed_4_2025-12-02T21-11-17.png
feed_4 | video4.png : feed_4_2025-12-02T21-11-19.png
feed_4 | video12.png : feed_4_2025-12-02T21-11-20.png
feed_4  finished sending 14 frames
[Infer] Class 010 | Hershey Milk Chocolate with Almonds | Confidence: 0.812
[Infer] Class 095 | GM HNY NUT CHEERIOS CEREAL CUP | Confidence: 1.000
[Infer] Class 003 | Gardetto's Original Recipe | Confidence: 0.999
[Infer] Class 063 | NYQUIL LQCAPS PSE FREE 12 CT | Confidence: 1.000
[Infer] Class 027 | Morton Salt, Iodized | Confidence: 1.000
[Infer] Class 078 | BEEF JERKY | Confidence: 1.000
[Infer] Class 041 | FORMULA 409 | Confidence: 1.000
[Infer] Class 056 | Propel Fitness Water | Confidence: 0.999
[Infer] Class 107 | Mini Chips Ahoy! | Confidence: 1.000
[Infer] Class 118 | Ben & Jerry's Ice Cream World's Best Vanilla | Confidence: 1.000
[Infer] Class 012 | Snickers | Confidence: 1.000
[Infer] Class 118 | Ben & Jerry's Ice Cream World's Best Vanilla | Confidence: 1.000
[Infer] Class 107 | Mini Chips Ahoy! | Confidence: 1.000
[Infer] Class 078 | BEEF JERKY | Confidence: 1.000
[Infer] Class 056 | Propel Fitness Water | Confidence: 1.000
[Infer] Class 107 | Mini Chips Ahoy! | Confidence: 1.000
[Infer] Class 012 | Snickers | Confidence: 0.997
[Infer] Class 095 | GM HNY NUT CHEERIOS CEREAL CUP | Confidence: 1.000
[Infer] Class 063 | NYQUIL LQCAPS PSE FREE 12 CT | Confidence: 1.000
[Infer] Class 063 | NYQUIL LQCAPS PSE FREE 12 CT | Confidence: 1.000
[Infer] Class 041 | FORMULA 409 | Confidence: 1.000
[Infer] Class 078 | BEEF JERKY | Confidence: 1.000
[Infer] Class 041 | FORMULA 409 | Confidence: 0.999
[Infer] Class 056 | Propel Fitness Water | Confidence: 1.000
[Infer] Class 118 | Ben & Jerry's Ice Cream World's Best Vanilla | Confidence: 1.000
[Infer] Class 027 | Morton Salt, Iodized | Confidence: 1.000
[Infer] Class 095 | GM HNY NUT CHEERIOS CEREAL CUP | Confidence: 0.999
[Infer] Class 003 | Gardetto's Original Recipe | Confidence: 1.000
[Infer] Class 095 | GM HNY NUT CHEERIOS CEREAL CUP | Confidence: 0.999
[Infer] Class 107 | Mini Chips Ahoy! | Confidence: 1.000
[Infer] Class 027 | Morton Salt, Iodized | Confidence: 1.000
[Infer] Class 027 | Morton Salt, Iodized | Confidence: 1.000
[Infer] Class 118 | Ben & Jerry's Ice Cream World's Best Vanilla | Confidence: 1.000
[Infer] Class 056 | Propel Fitness Water | Confidence: 1.000
[Infer] Class 012 | Snickers | Confidence: 1.000
[Infer] Class 041 | FORMULA 409 | Confidence: 1.000
[Infer] Class 063 | NYQUIL LQCAPS PSE FREE 12 CT | Confidence: 1.000
[Infer] Class 003 | Gardetto's Original Recipe | Confidence: 1.000
[Infer] Class 027 | Morton Salt, Iodized | Confidence: 1.000
[Infer] Class 078 | BEEF JERKY | Confidence: 1.000
[Infer] Class 003 | Gardetto's Original Recipe | Confidence: 1.000
[Infer] Class 107 | Mini Chips Ahoy! | Confidence: 1.000
[Infer] Class 078 | BEEF JERKY | Confidence: 1.000
[Infer] Class 012 | Snickers | Confidence: 0.999
[Infer] Class 056 | Propel Fitness Water | Confidence: 1.000
[Infer] Class 118 | Ben & Jerry's Ice Cream World's Best Vanilla | Confidence: 1.000
[Infer] Class 095 | GM HNY NUT CHEERIOS CEREAL CUP | Confidence: 1.000
[Infer] Class 063 | NYQUIL LQCAPS PSE FREE 12 CT | Confidence: 1.000
[Infer] Class 012 | Snickers | Confidence: 1.000
[Infer] Class 003 | Gardetto's Original Recipe | Confidence: 1.000
[Infer] Class 041 | FORMULA 409 | Confidence: 0.998
[Infer] Class 027 | Morton Salt, Iodized | Confidence: 1.000
[Infer] Class 063 | NYQUIL LQCAPS PSE FREE 12 CT | Confidence: 1.000
[Infer] Class 078 | BEEF JERKY | Confidence: 0.992
[Infer] Class 041 | FORMULA 409 | Confidence: 1.000
[Infer] Class 107 | Mini Chips Ahoy! | Confidence: 1.000
[Infer] Class 095 | GM HNY NUT CHEERIOS CEREAL CUP | Confidence: 1.000
[Infer] Class 078 | BEEF JERKY | Confidence: 1.000
[Infer] Class 056 | Propel Fitness Water | Confidence: 1.000
[Infer] Class 118 | Ben & Jerry's Ice Cream World's Best Vanilla | Confidence: 1.000
[Infer] Class 012 | Snickers | Confidence: 1.000
[Infer] Class 003 | Gardetto's Original Recipe | Confidence: 1.000
[Infer] Class 095 | GM HNY NUT CHEERIOS CEREAL CUP | Confidence: 0.998
[Infer] Class 063 | NYQUIL LQCAPS PSE FREE 12 CT | Confidence: 0.997
[Infer] Class 027 | Morton Salt, Iodized | Confidence: 1.000
[Infer] Class 027 | Morton Salt, Iodized | Confidence: 1.000
[Infer] Class 107 | Mini Chips Ahoy! | Confidence: 1.000
[Infer] Class 056 | Propel Fitness Water | Confidence: 1.000
[Infer] Class 078 | BEEF JERKY | Confidence: 1.000
[Infer] Class 095 | GM HNY NUT CHEERIOS CEREAL CUP | Confidence: 0.999
[Infer] Class 027 | Morton Salt, Iodized | Confidence: 1.000
[Infer] Class 012 | Snickers | Confidence: 1.000
[Infer] Class 107 | Mini Chips Ahoy! | Confidence: 1.000
[Infer] Class 107 | Mini Chips Ahoy! | Confidence: 1.000
[Infer] Class 012 | Snickers | Confidence: 1.000
[Infer] Class 078 | BEEF JERKY | Confidence: 1.000
[Infer] Class 118 | Ben & Jerry's Ice Cream World's Best Vanilla | Confidence: 1.000
[Infer] Class 056 | Propel Fitness Water | Confidence: 1.000
[Infer] Class 041 | FORMULA 409 | Confidence: 1.000
[Infer] Class 095 | GM HNY NUT CHEERIOS CEREAL CUP | Confidence: 1.000
[Infer] Class 003 | Gardetto's Original Recipe | Confidence: 1.000
[Infer] Class 041 | FORMULA 409 | Confidence: 1.000
[Infer] Class 118 | Ben & Jerry's Ice Cream World's Best Vanilla | Confidence: 1.000
[Infer] Class 078 | BEEF JERKY | Confidence: 1.000
[Infer] Class 003 | Gardetto's Original Recipe | Confidence: 0.999
[Infer] Class 107 | Mini Chips Ahoy! | Confidence: 1.000
[Infer] Class 056 | Propel Fitness Water | Confidence: 1.000
[Infer] Class 027 | Morton Salt, Iodized | Confidence: 1.000
[Infer] Class 118 | Ben & Jerry's Ice Cream World's Best Vanilla | Confidence: 1.000
[Infer] Class 003 | Gardetto's Original Recipe | Confidence: 1.000
[Infer] Class 095 | GM HNY NUT CHEERIOS CEREAL CUP | Confidence: 1.000
[Infer] Class 012 | Snickers | Confidence: 1.000
[Infer] Class 063 | NYQUIL LQCAPS PSE FREE 12 CT | Confidence: 0.999
[Infer] Class 107 | Mini Chips Ahoy! | Confidence: 1.000
[Infer] Class 095 | GM HNY NUT CHEERIOS CEREAL CUP | Confidence: 0.999
[Infer] Class 078 | BEEF JERKY | Confidence: 1.000
[Infer] Class 056 | Propel Fitness Water | Confidence: 1.000
[Infer] Class 063 | NYQUIL LQCAPS PSE FREE 12 CT | Confidence: 0.999
[Infer] Class 041 | FORMULA 409 | Confidence: 1.000
[Infer] Class 012 | Snickers | Confidence: 1.000
[Infer] Class 027 | Morton Salt, Iodized | Confidence: 1.000
[Infer] Class 118 | Ben & Jerry's Ice Cream World's Best Vanilla | Confidence: 1.000
[Infer] Class 063 | NYQUIL LQCAPS PSE FREE 12 CT | Confidence: 0.999
[Infer] Class 056 | Propel Fitness Water | Confidence: 1.000
[Infer] Class 078 | BEEF JERKY | Confidence: 1.000
[Infer] Class 095 | GM HNY NUT CHEERIOS CEREAL CUP | Confidence: 1.000
[Infer] Class 003 | Gardetto's Original Recipe | Confidence: 0.999
[Infer] Class 027 | Morton Salt, Iodized | Confidence: 1.000
[Infer] Class 107 | Mini Chips Ahoy! | Confidence: 1.000
[Infer] Class 012 | Snickers | Confidence: 1.000
[Infer] Class 063 | NYQUIL LQCAPS PSE FREE 12 CT | Confidence: 0.998
[Infer] Class 003 | Gardetto's Original Recipe | Confidence: 1.000
[Infer] Class 107 | Mini Chips Ahoy! | Confidence: 1.000
[Infer] Class 027 | Morton Salt, Iodized | Confidence: 1.000
[Infer] Class 078 | BEEF JERKY | Confidence: 0.995
[Infer] Class 056 | Propel Fitness Water | Confidence: 1.000
[Infer] Class 012 | Snickers | Confidence: 1.000
[Infer] Class 118 | Ben & Jerry's Ice Cream World's Best Vanilla | Confidence: 1.000
[Infer] Class 012 | Snickers | Confidence: 1.000
[Infer] Class 056 | Propel Fitness Water | Confidence: 1.000
[Infer] Class 078 | BEEF JERKY | Confidence: 1.000
[Infer] Class 063 | NYQUIL LQCAPS PSE FREE 12 CT | Confidence: 0.999
[Infer] Class 095 | GM HNY NUT CHEERIOS CEREAL CUP | Confidence: 1.000
[Infer] Class 003 | Gardetto's Original Recipe | Confidence: 1.000
[Infer] Class 095 | GM HNY NUT CHEERIOS CEREAL CUP | Confidence: 1.000
[Infer] Class 118 | Ben & Jerry's Ice Cream World's Best Vanilla | Confidence: 1.000
[Infer] Class 107 | Mini Chips Ahoy! | Confidence: 1.000
[Infer] Class 027 | Morton Salt, Iodized | Confidence: 1.000
[Infer] Class 012 | Snickers | Confidence: 0.999
[Infer] Class 003 | Gardetto's Original Recipe | Confidence: 0.999
[Infer] Class 027 | Morton Salt, Iodized | Confidence: 1.000
feed_3  starting stream with  35  frames
feed_3 | video25.png : feed_3_2025-12-02T21-11-10.png
feed_3 | video5.png : feed_3_2025-12-02T21-11-10.png
feed_3 | video24.png : feed_3_2025-12-02T21-11-11.png
feed_3 | video30.png : feed_3_2025-12-02T21-11-12.png
feed_3 | video10.png : feed_3_2025-12-02T21-11-13.png
feed_3 | video9.png : feed_3_2025-12-02T21-11-13.png
feed_3 | video21.png : feed_3_2025-12-02T21-11-14.png
feed_3 | video8.png : feed_3_2025-12-02T21-11-15.png
feed_3 | video19.png : feed_3_2025-12-02T21-11-16.png
feed_3 | video13.png : feed_3_2025-12-02T21-11-17.png
feed_3 | video22.png : feed_3_2025-12-02T21-11-17.png
feed_3 | video17.png : feed_3_2025-12-02T21-11-18.png
feed_3 | video7.png : feed_3_2025-12-02T21-11-19.png
feed_3 | video33.png : feed_3_2025-12-02T21-11-20.png
feed_3 | video2.png : feed_3_2025-12-02T21-11-21.png
feed_3 | video20.png : feed_3_2025-12-02T21-11-22.png
feed_3 | video16.png : feed_3_2025-12-02T21-11-24.png
feed_3 | video12.png : feed_3_2025-12-02T21-11-24.png
feed_3 | video27.png : feed_3_2025-12-02T21-11-25.png
feed_3 | video29.png : feed_3_2025-12-02T21-11-25.png
feed_3 | video4.png : feed_3_2025-12-02T21-11-26.png
feed_3 | video34.png : feed_3_2025-12-02T21-11-27.png
feed_3 | video26.png : feed_3_2025-12-02T21-11-28.png
feed_3 | video3.png : feed_3_2025-12-02T21-11-29.png
feed_3 | video18.png : feed_3_2025-12-02T21-11-30.png
feed_3 | video6.png : feed_3_2025-12-02T21-11-30.png
feed_3 | video35.png : feed_3_2025-12-02T21-11-31.png
feed_3 | video32.png : feed_3_2025-12-02T21-11-32.png
feed_3 | video28.png : feed_3_2025-12-02T21-11-32.png
feed_3 | video14.png : feed_3_2025-12-02T21-11-33.png
feed_3 | video15.png : feed_3_2025-12-02T21-11-33.png
feed_3 | video23.png : feed_3_2025-12-02T21-11-34.png
feed_3 | video31.png : feed_3_2025-12-02T21-11-35.png
feed_3 | video1.png : feed_3_2025-12-02T21-11-35.png
feed_3 | video11.png : feed_3_2025-12-02T21-11-36.png
feed_3  finished sending 35 frames
feed_5  starting stream with  76  frames
feed_5 | video29.png : feed_5_2025-12-02T21-11-10.png
feed_5 | video44.png : feed_5_2025-12-02T21-11-11.png
feed_5 | video54.png : feed_5_2025-12-02T21-11-11.png
feed_5 | video41.png : feed_5_2025-12-02T21-11-12.png
feed_5 | video74.png : feed_5_2025-12-02T21-11-12.png
feed_5 | video24.png : feed_5_2025-12-02T21-11-13.png
feed_5 | video30.png : feed_5_2025-12-02T21-11-14.png
feed_5 | video66.png : feed_5_2025-12-02T21-11-14.png
feed_5 | video70.png : feed_5_2025-12-02T21-11-16.png
feed_5 | video39.png : feed_5_2025-12-02T21-11-16.png
feed_5 | video53.png : feed_5_2025-12-02T21-11-17.png
feed_5 | video27.png : feed_5_2025-12-02T21-11-17.png
feed_5 | video48.png : feed_5_2025-12-02T21-11-18.png
feed_5 | video49.png : feed_5_2025-12-02T21-11-19.png
feed_5 | video46.png : feed_5_2025-12-02T21-11-19.png
feed_5 | video43.png : feed_5_2025-12-02T21-11-20.png
feed_5 | video72.png : feed_5_2025-12-02T21-11-20.png
feed_5 | video40.png : feed_5_2025-12-02T21-11-21.png
feed_5 | video73.png : feed_5_2025-12-02T21-11-22.png
feed_5 | video8.png : feed_5_2025-12-02T21-11-23.png
feed_5 | video19.png : feed_5_2025-12-02T21-11-24.png
feed_5 | video71.png : feed_5_2025-12-02T21-11-24.png
feed_5 | video21.png : feed_5_2025-12-02T21-11-25.png
feed_5 | video17.png : feed_5_2025-12-02T21-11-25.png
feed_5 | video6.png : feed_5_2025-12-02T21-11-26.png
feed_5 | video37.png : feed_5_2025-12-02T21-11-26.png
feed_5 | video3.png : feed_5_2025-12-02T21-11-27.png
feed_5 | video33.png : feed_5_2025-12-02T21-11-27.png
feed_5 | video5.png : feed_5_2025-12-02T21-11-28.png
feed_5 | video67.png : feed_5_2025-12-02T21-11-29.png
feed_5 | video13.png : feed_5_2025-12-02T21-11-29.png
feed_5 | video11.png : feed_5_2025-12-02T21-11-30.png
feed_5 | video64.png : feed_5_2025-12-02T21-11-31.png
feed_5 | video1.png : feed_5_2025-12-02T21-11-32.png
feed_5 | video61.png : feed_5_2025-12-02T21-11-32.png
feed_5 | video58.png : feed_5_2025-12-02T21-11-33.png
feed_5 | video42.png : feed_5_2025-12-02T21-11-34.png
feed_5 | video10.png : feed_5_2025-12-02T21-11-35.png
feed_5 | video28.png : feed_5_2025-12-02T21-11-36.png
feed_5 | video35.png : feed_5_2025-12-02T21-11-37.png
feed_5  finished sending 40 frames
feed_9  starting stream with  74  frames
feed_9 | video28.png : feed_9_2025-12-02T21-11-10.png
feed_9 | video72.png : feed_9_2025-12-02T21-11-10.png
feed_9 | video67.png : feed_9_2025-12-02T21-11-11.png
feed_9 | video17.png : feed_9_2025-12-02T21-11-12.png
feed_9 | video7.png : feed_9_2025-12-02T21-11-12.png
feed_9 | video50.png : feed_9_2025-12-02T21-11-13.png
feed_9 | video23.png : feed_9_2025-12-02T21-11-13.png
feed_9 | video68.png : feed_9_2025-12-02T21-11-14.png
feed_9 | video9.png : feed_9_2025-12-02T21-11-15.png
feed_9 | video48.png : feed_9_2025-12-02T21-11-15.png
feed_9 | video36.png : feed_9_2025-12-02T21-11-16.png
feed_9 | video16.png : feed_9_2025-12-02T21-11-17.png
feed_9 | video21.png : feed_9_2025-12-02T21-11-17.png
feed_9 | video26.png : feed_9_2025-12-02T21-11-18.png
feed_9 | video38.png : feed_9_2025-12-02T21-11-18.png
feed_9 | video30.png : feed_9_2025-12-02T21-11-19.png
feed_9 | video5.png : feed_9_2025-12-02T21-11-20.png
feed_9 | video61.png : feed_9_2025-12-02T21-11-21.png
feed_9 | video43.png : feed_9_2025-12-02T21-11-22.png
feed_9 | video29.png : feed_9_2025-12-02T21-11-22.png
feed_9 | video37.png : feed_9_2025-12-02T21-11-23.png
feed_9 | video27.png : feed_9_2025-12-02T21-11-24.png
feed_9 | video31.png : feed_9_2025-12-02T21-11-25.png
feed_9 | video49.png : feed_9_2025-12-02T21-11-25.png
feed_9 | video15.png : feed_9_2025-12-02T21-11-26.png
feed_9 | video69.png : feed_9_2025-12-02T21-11-27.png
feed_9 | video46.png : feed_9_2025-12-02T21-11-27.png
feed_9 | video19.png : feed_9_2025-12-02T21-11-28.png
feed_9 | video55.png : feed_9_2025-12-02T21-11-29.png
feed_9 | video40.png : feed_9_2025-12-02T21-11-30.png
feed_9 | video32.png : feed_9_2025-12-02T21-11-31.png
feed_9 | video73.png : feed_9_2025-12-02T21-11-32.png
feed_9 | video8.png : feed_9_2025-12-02T21-11-32.png
feed_9 | video64.png : feed_9_2025-12-02T21-11-33.png
feed_9 | video71.png : feed_9_2025-12-02T21-11-33.png
feed_9 | video59.png : feed_9_2025-12-02T21-11-34.png
feed_9 | video63.png : feed_9_2025-12-02T21-11-35.png
feed_9 | video66.png : feed_9_2025-12-02T21-11-35.png
feed_9 | video33.png : feed_9_2025-12-02T21-11-37.png
feed_9 | video42.png : feed_9_2025-12-02T21-11-38.png
feed_9  finished sending 40 frames
feed_2  starting stream with  120  frames
feed_2 | video42.png : feed_2_2025-12-02T21-11-10.png
feed_2 | video84.png : feed_2_2025-12-02T21-11-11.png
feed_2 | video95.png : feed_2_2025-12-02T21-11-12.png
feed_2 | video26.png : feed_2_2025-12-02T21-11-13.png
feed_2 | video46.png : feed_2_2025-12-02T21-11-13.png
feed_2 | video92.png : feed_2_2025-12-02T21-11-14.png
feed_2 | video33.png : feed_2_2025-12-02T21-11-14.png
feed_2 | video63.png : feed_2_2025-12-02T21-11-15.png
feed_2 | video5.png : feed_2_2025-12-02T21-11-15.png
feed_2 | video41.png : feed_2_2025-12-02T21-11-16.png
feed_2 | video101.png : feed_2_2025-12-02T21-11-17.png
feed_2 | video9.png : feed_2_2025-12-02T21-11-18.png
feed_2 | video85.png : feed_2_2025-12-02T21-11-19.png
feed_2 | video78.png : feed_2_2025-12-02T21-11-19.png
feed_2 | video57.png : feed_2_2025-12-02T21-11-20.png
feed_2 | video65.png : feed_2_2025-12-02T21-11-20.png
feed_2 | video113.png : feed_2_2025-12-02T21-11-21.png
feed_2 | video93.png : feed_2_2025-12-02T21-11-21.png
feed_2 | video30.png : feed_2_2025-12-02T21-11-22.png
feed_2 | video45.png : feed_2_2025-12-02T21-11-22.png
feed_2 | video105.png : feed_2_2025-12-02T21-11-23.png
feed_2 | video47.png : feed_2_2025-12-02T21-11-24.png
feed_2 | video119.png : feed_2_2025-12-02T21-11-24.png
feed_2 | video43.png : feed_2_2025-12-02T21-11-26.png
feed_2 | video10.png : feed_2_2025-12-02T21-11-27.png
feed_2 | video16.png : feed_2_2025-12-02T21-11-28.png
feed_2 | video117.png : feed_2_2025-12-02T21-11-29.png
feed_2 | video44.png : feed_2_2025-12-02T21-11-29.png
feed_2 | video115.png : feed_2_2025-12-02T21-11-30.png
feed_2 | video51.png : feed_2_2025-12-02T21-11-30.png
feed_2 | video4.png : feed_2_2025-12-02T21-11-32.png
feed_2 | video67.png : feed_2_2025-12-02T21-11-32.png
feed_2 | video8.png : feed_2_2025-12-02T21-11-33.png
feed_2 | video107.png : feed_2_2025-12-02T21-11-34.png
feed_2 | video20.png : feed_2_2025-12-02T21-11-35.png
feed_2 | video74.png : feed_2_2025-12-02T21-11-35.png
feed_2 | video19.png : feed_2_2025-12-02T21-11-36.png
feed_2 | video100.png : feed_2_2025-12-02T21-11-37.png
feed_2 | video15.png : feed_2_2025-12-02T21-11-37.png
feed_2 | video13.png : feed_2_2025-12-02T21-11-39.png
feed_2  finished sending 40 frames
feed_7  starting stream with  203  frames
feed_7 | video149.png : feed_7_2025-12-02T21-11-10.png
feed_7 | video183.png : feed_7_2025-12-02T21-11-11.png
feed_7 | video25.png : feed_7_2025-12-02T21-11-12.png
feed_7 | video189.png : feed_7_2025-12-02T21-11-13.png
feed_7 | video148.png : feed_7_2025-12-02T21-11-14.png
feed_7 | video173.png : feed_7_2025-12-02T21-11-14.png
feed_7 | video186.png : feed_7_2025-12-02T21-11-15.png
feed_7 | video145.png : feed_7_2025-12-02T21-11-16.png
feed_7 | video140.png : feed_7_2025-12-02T21-11-17.png
feed_7 | video163.png : feed_7_2025-12-02T21-11-18.png
feed_7 | video97.png : feed_7_2025-12-02T21-11-18.png
feed_7 | video141.png : feed_7_2025-12-02T21-11-19.png
feed_7 | video75.png : feed_7_2025-12-02T21-11-19.png
feed_7 | video202.png : feed_7_2025-12-02T21-11-20.png
feed_7 | video57.png : feed_7_2025-12-02T21-11-21.png
feed_7 | video129.png : feed_7_2025-12-02T21-11-21.png
feed_7 | video85.png : feed_7_2025-12-02T21-11-22.png
feed_7 | video198.png : feed_7_2025-12-02T21-11-22.png
feed_7 | video164.png : feed_7_2025-12-02T21-11-23.png
feed_7 | video178.png : feed_7_2025-12-02T21-11-23.png
feed_7 | video107.png : feed_7_2025-12-02T21-11-24.png
feed_7 | video6.png : feed_7_2025-12-02T21-11-24.png
feed_7 | video158.png : feed_7_2025-12-02T21-11-25.png
feed_7 | video69.png : feed_7_2025-12-02T21-11-26.png
feed_7 | video127.png : feed_7_2025-12-02T21-11-26.png
feed_7 | video70.png : feed_7_2025-12-02T21-11-27.png
feed_7 | video14.png : feed_7_2025-12-02T21-11-28.png
feed_7 | video13.png : feed_7_2025-12-02T21-11-29.png
feed_7 | video175.png : feed_7_2025-12-02T21-11-30.png
feed_7 | video179.png : feed_7_2025-12-02T21-11-31.png
feed_7 | video43.png : feed_7_2025-12-02T21-11-32.png
feed_7 | video39.png : feed_7_2025-12-02T21-11-32.png
feed_7 | video59.png : feed_7_2025-12-02T21-11-34.png
feed_7 | video187.png : feed_7_2025-12-02T21-11-34.png
feed_7 | video60.png : feed_7_2025-12-02T21-11-36.png
feed_7 | video72.png : feed_7_2025-12-02T21-11-36.png
feed_7 | video131.png : feed_7_2025-12-02T21-11-37.png
feed_7 | video83.png : feed_7_2025-12-02T21-11-38.png
feed_7 | video98.png : feed_7_2025-12-02T21-11-38.png
feed_7 | video64.png : feed_7_2025-12-02T21-11-39.png
feed_7  finished sending 40 frames
feed_1  starting stream with  83  frames
feed_1 | video40.png : feed_1_2025-12-02T21-11-10.png
feed_1 | video50.png : feed_1_2025-12-02T21-11-10.png
feed_1 | video65.png : feed_1_2025-12-02T21-11-11.png
feed_1 | video36.png : feed_1_2025-12-02T21-11-11.png
feed_1 | video37.png : feed_1_2025-12-02T21-11-12.png
feed_1 | video45.png : feed_1_2025-12-02T21-11-14.png
feed_1 | video25.png : feed_1_2025-12-02T21-11-14.png
feed_1 | video76.png : feed_1_2025-12-02T21-11-15.png
feed_1 | video11.png : feed_1_2025-12-02T21-11-16.png
feed_1 | video27.png : feed_1_2025-12-02T21-11-16.png
feed_1 | video46.png : feed_1_2025-12-02T21-11-17.png
feed_1 | video62.png : feed_1_2025-12-02T21-11-18.png
feed_1 | video75.png : feed_1_2025-12-02T21-11-19.png
feed_1 | video20.png : feed_1_2025-12-02T21-11-19.png
feed_1 | video17.png : feed_1_2025-12-02T21-11-21.png
feed_1 | video4.png : feed_1_2025-12-02T21-11-21.png
feed_1 | video61.png : feed_1_2025-12-02T21-11-22.png
feed_1 | video56.png : feed_1_2025-12-02T21-11-23.png
feed_1 | video33.png : feed_1_2025-12-02T21-11-24.png
feed_1 | video52.png : feed_1_2025-12-02T21-11-24.png
feed_1 | video14.png : feed_1_2025-12-02T21-11-25.png
feed_1 | video59.png : feed_1_2025-12-02T21-11-25.png
feed_1 | video68.png : feed_1_2025-12-02T21-11-26.png
feed_1 | video31.png : feed_1_2025-12-02T21-11-26.png
feed_1 | video82.png : feed_1_2025-12-02T21-11-27.png
feed_1 | video7.png : feed_1_2025-12-02T21-11-27.png
feed_1 | video2.png : feed_1_2025-12-02T21-11-28.png
feed_1 | video42.png : feed_1_2025-12-02T21-11-29.png
feed_1 | video51.png : feed_1_2025-12-02T21-11-30.png
feed_1 | video29.png : feed_1_2025-12-02T21-11-31.png
feed_1 | video18.png : feed_1_2025-12-02T21-11-32.png
feed_1 | video47.png : feed_1_2025-12-02T21-11-34.png
feed_1 | video78.png : feed_1_2025-12-02T21-11-34.png
feed_1 | video44.png : feed_1_2025-12-02T21-11-36.png
feed_1 | video74.png : feed_1_2025-12-02T21-11-36.png
feed_1 | video67.png : feed_1_2025-12-02T21-11-37.png
feed_1 | video16.png : feed_1_2025-12-02T21-11-37.png
feed_1 | video49.png : feed_1_2025-12-02T21-11-38.png
feed_1 | video34.png : feed_1_2025-12-02T21-11-39.png
feed_1 | video71.png : feed_1_2025-12-02T21-11-39.png
feed_1  finished sending 40 frames
feed_10  starting stream with  62  frames
feed_10 | video25.png : feed_10_2025-12-02T21-11-10.png
feed_10 | video48.png : feed_10_2025-12-02T21-11-10.png
feed_10 | video15.png : feed_10_2025-12-02T21-11-11.png
feed_10 | video8.png : feed_10_2025-12-02T21-11-11.png
feed_10 | video47.png : feed_10_2025-12-02T21-11-12.png
feed_10 | video16.png : feed_10_2025-12-02T21-11-13.png
feed_10 | video33.png : feed_10_2025-12-02T21-11-14.png
feed_10 | video18.png : feed_10_2025-12-02T21-11-14.png
feed_10 | video5.png : feed_10_2025-12-02T21-11-16.png
feed_10 | video22.png : feed_10_2025-12-02T21-11-16.png
feed_10 | video24.png : feed_10_2025-12-02T21-11-17.png
feed_10 | video26.png : feed_10_2025-12-02T21-11-17.png
feed_10 | video17.png : feed_10_2025-12-02T21-11-18.png
feed_10 | video31.png : feed_10_2025-12-02T21-11-19.png
feed_10 | video45.png : feed_10_2025-12-02T21-11-20.png
feed_10 | video11.png : feed_10_2025-12-02T21-11-22.png
feed_10 | video62.png : feed_10_2025-12-02T21-11-22.png
feed_10 | video30.png : feed_10_2025-12-02T21-11-23.png
feed_10 | video55.png : feed_10_2025-12-02T21-11-24.png
feed_10 | video52.png : feed_10_2025-12-02T21-11-24.png
feed_10 | video4.png : feed_10_2025-12-02T21-11-25.png
feed_10 | video57.png : feed_10_2025-12-02T21-11-26.png
feed_10 | video40.png : feed_10_2025-12-02T21-11-26.png
feed_10 | video14.png : feed_10_2025-12-02T21-11-27.png
feed_10 | video9.png : feed_10_2025-12-02T21-11-27.png
feed_10 | video44.png : feed_10_2025-12-02T21-11-28.png
feed_10 | video34.png : feed_10_2025-12-02T21-11-29.png
feed_10 | video3.png : feed_10_2025-12-02T21-11-30.png
feed_10 | video43.png : feed_10_2025-12-02T21-11-31.png
feed_10 | video2.png : feed_10_2025-12-02T21-11-32.png
feed_10 | video53.png : feed_10_2025-12-02T21-11-33.png
feed_10 | video29.png : feed_10_2025-12-02T21-11-34.png
feed_10 | video39.png : feed_10_2025-12-02T21-11-35.png
feed_10 | video19.png : feed_10_2025-12-02T21-11-36.png
feed_10 | video51.png : feed_10_2025-12-02T21-11-37.png
feed_10 | video49.png : feed_10_2025-12-02T21-11-38.png
feed_10 | video13.png : feed_10_2025-12-02T21-11-39.png
feed_10 | video37.png : feed_10_2025-12-02T21-11-39.png
feed_10 | video21.png : feed_10_2025-12-02T21-11-40.png
feed_10 | video41.png : feed_10_2025-12-02T21-11-41.png
feed_10  finished sending 40 frames
[Infer] Class 078 | BEEF JERKY | Confidence: 1.000
[Infer] Class 003 | Gardetto's Original Recipe | Confidence: 1.000
[Infer] Class 056 | Propel Fitness Water | Confidence: 1.000
[Infer] Class 107 | Mini Chips Ahoy! | Confidence: 1.000
[Infer] Class 118 | Ben & Jerry's Ice Cream World's Best Vanilla | Confidence: 1.000
[Infer] Class 063 | NYQUIL LQCAPS PSE FREE 12 CT | Confidence: 1.000
[Infer] Class 107 | Mini Chips Ahoy! | Confidence: 1.000
[Infer] Class 095 | GM HNY NUT CHEERIOS CEREAL CUP | Confidence: 1.000
[Infer] Class 078 | BEEF JERKY | Confidence: 0.999
[Infer] Class 003 | Gardetto's Original Recipe | Confidence: 1.000
[Infer] Class 095 | GM HNY NUT CHEERIOS CEREAL CUP | Confidence: 0.999
[Infer] Class 063 | NYQUIL LQCAPS PSE FREE 12 CT | Confidence: 1.000
[Infer] Class 056 | Propel Fitness Water | Confidence: 1.000
[Infer] Class 012 | Snickers | Confidence: 0.999
[Infer] Class 118 | Ben & Jerry's Ice Cream World's Best Vanilla | Confidence: 1.000
[Infer] Class 078 | BEEF JERKY | Confidence: 1.000
[Infer] Class 118 | Ben & Jerry's Ice Cream World's Best Vanilla | Confidence: 0.999
[Infer] Class 012 | Snickers | Confidence: 1.000
[Infer] Class 027 | Morton Salt, Iodized | Confidence: 1.000
[Infer] Class 056 | Propel Fitness Water | Confidence: 1.000
[Infer] Class 107 | Mini Chips Ahoy! | Confidence: 1.000
[Infer] Class 107 | Mini Chips Ahoy! | Confidence: 1.000
[Infer] Class 056 | Propel Fitness Water | Confidence: 1.000
[Infer] Class 027 | Morton Salt, Iodized | Confidence: 0.999
[Infer] Class 003 | Gardetto's Original Recipe | Confidence: 1.000
[Infer] Class 118 | Ben & Jerry's Ice Cream World's Best Vanilla | Confidence: 1.000
[Infer] Class 078 | BEEF JERKY | Confidence: 1.000
[Infer] Class 107 | Mini Chips Ahoy! | Confidence: 1.000
[Infer] Class 118 | Ben & Jerry's Ice Cream World's Best Vanilla | Confidence: 1.000
[Infer] Class 027 | Morton Salt, Iodized | Confidence: 1.000
[Infer] Class 012 | Snickers | Confidence: 0.998
[Infer] Class 063 | NYQUIL LQCAPS PSE FREE 12 CT | Confidence: 1.000
[Infer] Class 078 | BEEF JERKY | Confidence: 1.000
[Infer] Class 056 | Propel Fitness Water | Confidence: 1.000
[Infer] Class 003 | Gardetto's Original Recipe | Confidence: 1.000
[Infer] Class 095 | GM HNY NUT CHEERIOS CEREAL CUP | Confidence: 1.000
[Infer] Class 078 | BEEF JERKY | Confidence: 1.000
[Infer] Class 027 | Morton Salt, Iodized | Confidence: 1.000
[Infer] Class 118 | Ben & Jerry's Ice Cream World's Best Vanilla | Confidence: 1.000
[Infer] Class 056 | Propel Fitness Water | Confidence: 1.000
[Infer] Class 003 | Gardetto's Original Recipe | Confidence: 0.999
[Infer] Class 063 | NYQUIL LQCAPS PSE FREE 12 CT | Confidence: 0.996
[Infer] Class 095 | GM HNY NUT CHEERIOS CEREAL CUP | Confidence: 1.000
[Infer] Class 012 | Snickers | Confidence: 0.995
[Infer] Class 095 | GM HNY NUT CHEERIOS CEREAL CUP | Confidence: 1.000
[Infer] Class 107 | Mini Chips Ahoy! | Confidence: 1.000
[Infer] Class 107 | Mini Chips Ahoy! | Confidence: 1.000
[Infer] Class 027 | Morton Salt, Iodized | Confidence: 1.000
[Infer] Class 078 | BEEF JERKY | Confidence: 1.000
[Infer] Class 095 | GM HNY NUT CHEERIOS CEREAL CUP | Confidence: 1.000
[Infer] Class 003 | Gardetto's Original Recipe | Confidence: 0.999
[Infer] Class 056 | Propel Fitness Water | Confidence: 1.000
[Infer] Class 012 | Snickers | Confidence: 1.000
[Infer] Class 118 | Ben & Jerry's Ice Cream World's Best Vanilla | Confidence: 0.999
[Infer] Class 063 | NYQUIL LQCAPS PSE FREE 12 CT | Confidence: 0.994
[Infer] Class 118 | Ben & Jerry's Ice Cream World's Best Vanilla | Confidence: 0.999
[Infer] Class 078 | BEEF JERKY | Confidence: 1.000
[Infer] Class 107 | Mini Chips Ahoy! | Confidence: 1.000
[Infer] Class 118 | Ben & Jerry's Ice Cream World's Best Vanilla | Confidence: 1.000
[Infer] Class 056 | Propel Fitness Water | Confidence: 1.000
[Infer] Class 027 | Morton Salt, Iodized | Confidence: 0.999
[Infer] Class 056 | Propel Fitness Water | Confidence: 1.000
[Infer] Class 063 | NYQUIL LQCAPS PSE FREE 12 CT | Confidence: 1.000
[Infer] Class 095 | GM HNY NUT CHEERIOS CEREAL CUP | Confidence: 1.000
[Infer] Class 003 | Gardetto's Original Recipe | Confidence: 1.000
[Infer] Class 012 | Snickers | Confidence: 1.000
[Infer] Class 107 | Mini Chips Ahoy! | Confidence: 1.000
[Infer] Class 095 | GM HNY NUT CHEERIOS CEREAL CUP | Confidence: 1.000
[Infer] Class 063 | NYQUIL LQCAPS PSE FREE 12 CT | Confidence: 1.000
[Infer] Class 056 | Propel Fitness Water | Confidence: 1.000
[Infer] Class 027 | Morton Salt, Iodized | Confidence: 1.000
[Infer] Class 118 | Ben & Jerry's Ice Cream World's Best Vanilla | Confidence: 1.000
[Infer] Class 063 | NYQUIL LQCAPS PSE FREE 12 CT | Confidence: 0.998
[Infer] Class 003 | Gardetto's Original Recipe | Confidence: 1.000
[Infer] Class 027 | Morton Salt, Iodized | Confidence: 1.000
[Infer] Class 078 | BEEF JERKY | Confidence: 1.000
[Infer] Class 107 | Mini Chips Ahoy! | Confidence: 1.000
[Infer] Class 095 | GM HNY NUT CHEERIOS CEREAL CUP | Confidence: 0.999
[Infer] Class 056 | Propel Fitness Water | Confidence: 1.000
[Infer] Class 012 | Snickers | Confidence: 0.992
[Infer] Class 078 | BEEF JERKY | Confidence: 0.998
[Infer] Class 027 | Morton Salt, Iodized | Confidence: 1.000
[Infer] Class 003 | Gardetto's Original Recipe | Confidence: 1.000
[Infer] Class 012 | Snickers | Confidence: 1.000
[Infer] Class 118 | Ben & Jerry's Ice Cream World's Best Vanilla | Confidence: 1.000
[Infer] Class 107 | Mini Chips Ahoy! | Confidence: 1.000
[Infer] Class 012 | Snickers | Confidence: 1.000
[Infer] Class 063 | NYQUIL LQCAPS PSE FREE 12 CT | Confidence: 1.000
[Infer] Class 027 | Morton Salt, Iodized | Confidence: 1.000
[Infer] Class 063 | NYQUIL LQCAPS PSE FREE 12 CT | Confidence: 0.998
[Infer] Class 095 | GM HNY NUT CHEERIOS CEREAL CUP | Confidence: 1.000
[Infer] Class 056 | Propel Fitness Water | Confidence: 1.000
[Infer] Class 107 | Mini Chips Ahoy! | Confidence: 1.000
[Infer] Class 012 | Snickers | Confidence: 0.998
[Infer] Class 027 | Morton Salt, Iodized | Confidence: 1.000
[Infer] Class 118 | Ben & Jerry's Ice Cream World's Best Vanilla | Confidence: 1.000
[Infer] Class 003 | Gardetto's Original Recipe | Confidence: 1.000
[Infer] Class 063 | NYQUIL LQCAPS PSE FREE 12 CT | Confidence: 1.000
[Infer] Class 078 | BEEF JERKY | Confidence: 1.000
[Infer] Class 056 | Propel Fitness Water | Confidence: 1.000
[Infer] Class 118 | Ben & Jerry's Ice Cream World's Best Vanilla | Confidence: 1.000
[Infer] Class 003 | Gardetto's Original Recipe | Confidence: 1.000
[Infer] Class 078 | BEEF JERKY | Confidence: 1.000
[Infer] Class 107 | Mini Chips Ahoy! | Confidence: 1.000
[Infer] Class 118 | Ben & Jerry's Ice Cream World's Best Vanilla | Confidence: 1.000
[Infer] Class 012 | Snickers | Confidence: 0.991
[Infer] Class 095 | GM HNY NUT CHEERIOS CEREAL CUP | Confidence: 1.000
[Infer] Class 063 | NYQUIL LQCAPS PSE FREE 12 CT | Confidence: 0.978
[Infer] Class 056 | Propel Fitness Water | Confidence: 1.000
[Infer] Class 095 | GM HNY NUT CHEERIOS CEREAL CUP | Confidence: 1.000
[Infer] Class 003 | Gardetto's Original Recipe | Confidence: 1.000
[Infer] Class 063 | NYQUIL LQCAPS PSE FREE 12 CT | Confidence: 0.997
[Infer] Class 107 | Mini Chips Ahoy! | Confidence: 1.000
[Infer] Class 078 | BEEF JERKY | Confidence: 1.000
[Infer] Class 063 | NYQUIL LQCAPS PSE FREE 12 CT | Confidence: 1.000
[Infer] Class 118 | Ben & Jerry's Ice Cream World's Best Vanilla | Confidence: 1.000
[Infer] Class 012 | Snickers | Confidence: 0.980
[Infer] Class 118 | Ben & Jerry's Ice Cream World's Best Vanilla | Confidence: 1.000
[Infer] Class 095 | GM HNY NUT CHEERIOS CEREAL CUP | Confidence: 1.000
[Infer] Class 078 | BEEF JERKY | Confidence: 1.000
[Infer] Class 063 | NYQUIL LQCAPS PSE FREE 12 CT | Confidence: 1.000
[Infer] Class 003 | Gardetto's Original Recipe | Confidence: 1.000
[Infer] Class 118 | Ben & Jerry's Ice Cream World's Best Vanilla | Confidence: 1.000
[Infer] Class 118 | Ben & Jerry's Ice Cream World's Best Vanilla | Confidence: 1.000
[Infer] Class 095 | GM HNY NUT CHEERIOS CEREAL CUP | Confidence: 1.000
[Infer] Class 063 | NYQUIL LQCAPS PSE FREE 12 CT | Confidence: 1.000
feed_8  starting stream with  145  frames
feed_8 | video77.png : feed_8_2025-12-02T21-11-10.png
feed_8 | video124.png : feed_8_2025-12-02T21-11-11.png
feed_8 | video107.png : feed_8_2025-12-02T21-11-12.png
feed_8 | video3.png : feed_8_2025-12-02T21-11-12.png
feed_8 | video17.png : feed_8_2025-12-02T21-11-13.png
feed_8 | video145.png : feed_8_2025-12-02T21-11-14.png
feed_8 | video103.png : feed_8_2025-12-02T21-11-15.png
feed_8 | video63.png : feed_8_2025-12-02T21-11-15.png
feed_8 | video127.png : feed_8_2025-12-02T21-11-16.png
feed_8 | video52.png : feed_8_2025-12-02T21-11-17.png
feed_8 | video139.png : feed_8_2025-12-02T21-11-18.png
feed_8 | video32.png : feed_8_2025-12-02T21-11-18.png
feed_8 | video37.png : feed_8_2025-12-02T21-11-19.png
feed_8 | video46.png : feed_8_2025-12-02T21-11-20.png
feed_8 | video95.png : feed_8_2025-12-02T21-11-21.png
feed_8 | video82.png : feed_8_2025-12-02T21-11-23.png
feed_8 | video75.png : feed_8_2025-12-02T21-11-23.png
feed_8 | video19.png : feed_8_2025-12-02T21-11-24.png
feed_8 | video129.png : feed_8_2025-12-02T21-11-25.png
feed_8 | video125.png : feed_8_2025-12-02T21-11-26.png
feed_8 | video14.png : feed_8_2025-12-02T21-11-26.png
feed_8 | video62.png : feed_8_2025-12-02T21-11-27.png
feed_8 | video90.png : feed_8_2025-12-02T21-11-28.png
feed_8 | video73.png : feed_8_2025-12-02T21-11-29.png
feed_8 | video6.png : feed_8_2025-12-02T21-11-29.png
feed_8 | video22.png : feed_8_2025-12-02T21-11-30.png
feed_8 | video102.png : feed_8_2025-12-02T21-11-31.png
feed_8 | video7.png : feed_8_2025-12-02T21-11-32.png
feed_8 | video132.png : feed_8_2025-12-02T21-11-33.png
feed_8 | video141.png : feed_8_2025-12-02T21-11-33.png
feed_8 | video28.png : feed_8_2025-12-02T21-11-35.png
feed_8 | video69.png : feed_8_2025-12-02T21-11-35.png
feed_8 | video1.png : feed_8_2025-12-02T21-11-37.png
feed_8 | video111.png : feed_8_2025-12-02T21-11-37.png
feed_8 | video38.png : feed_8_2025-12-02T21-11-38.png
feed_8 | video57.png : feed_8_2025-12-02T21-11-38.png
feed_8 | video29.png : feed_8_2025-12-02T21-11-39.png
feed_8 | video72.png : feed_8_2025-12-02T21-11-40.png
feed_8 | video93.png : feed_8_2025-12-02T21-11-40.png
feed_8 | video143.png : feed_8_2025-12-02T21-11-41.png
feed_8  finished sending 40 frames
feed_6  starting stream with  56  frames
feed_6 | video26.png : feed_6_2025-12-02T21-11-10.png
feed_6 | video17.png : feed_6_2025-12-02T21-11-11.png
feed_6 | video54.png : feed_6_2025-12-02T21-11-12.png
feed_6 | video43.png : feed_6_2025-12-02T21-11-13.png
feed_6 | video27.png : feed_6_2025-12-02T21-11-14.png
feed_6 | video34.png : feed_6_2025-12-02T21-11-15.png
feed_6 | video5.png : feed_6_2025-12-02T21-11-17.png
feed_6 | video15.png : feed_6_2025-12-02T21-11-17.png
feed_6 | video31.png : feed_6_2025-12-02T21-11-18.png
feed_6 | video40.png : feed_6_2025-12-02T21-11-20.png
feed_6 | video10.png : feed_6_2025-12-02T21-11-20.png
feed_6 | video22.png : feed_6_2025-12-02T21-11-21.png
feed_6 | video20.png : feed_6_2025-12-02T21-11-21.png
feed_6 | video30.png : feed_6_2025-12-02T21-11-22.png
feed_6 | video9.png : feed_6_2025-12-02T21-11-22.png
feed_6 | video56.png : feed_6_2025-12-02T21-11-23.png
feed_6 | video21.png : feed_6_2025-12-02T21-11-23.png
feed_6 | video53.png : feed_6_2025-12-02T21-11-25.png
feed_6 | video14.png : feed_6_2025-12-02T21-11-25.png
feed_6 | video18.png : feed_6_2025-12-02T21-11-26.png
feed_6 | video25.png : feed_6_2025-12-02T21-11-26.png
feed_6 | video44.png : feed_6_2025-12-02T21-11-27.png
feed_6 | video16.png : feed_6_2025-12-02T21-11-29.png
feed_6 | video2.png : feed_6_2025-12-02T21-11-30.png
feed_6 | video55.png : feed_6_2025-12-02T21-11-31.png
feed_6 | video36.png : feed_6_2025-12-02T21-11-32.png
feed_6 | video12.png : feed_6_2025-12-02T21-11-33.png
feed_6 | video48.png : feed_6_2025-12-02T21-11-33.png
feed_6 | video50.png : feed_6_2025-12-02T21-11-34.png
feed_6 | video33.png : feed_6_2025-12-02T21-11-35.png
feed_6 | video11.png : feed_6_2025-12-02T21-11-35.png
feed_6 | video47.png : feed_6_2025-12-02T21-11-36.png
feed_6 | video35.png : feed_6_2025-12-02T21-11-37.png
feed_6 | video1.png : feed_6_2025-12-02T21-11-38.png
feed_6 | video19.png : feed_6_2025-12-02T21-11-39.png
feed_6 | video7.png : feed_6_2025-12-02T21-11-39.png
feed_6 | video49.png : feed_6_2025-12-02T21-11-40.png
feed_6 | video32.png : feed_6_2025-12-02T21-11-40.png
feed_6 | video52.png : feed_6_2025-12-02T21-11-41.png
feed_6 | video4.png : feed_6_2025-12-02T21-11-42.png
feed_6  finished sending 40 frames
